Component: ARM Compiler 5.06 update 6 (build 750) Tool: armlink [4d35ed]

==============================================================================

Section Cross References

    startup_stm32f103xb.o(STACK) refers (Special) to heapauxi.o(.text) for __use_two_region_memory
    startup_stm32f103xb.o(HEAP) refers (Special) to heapauxi.o(.text) for __use_two_region_memory
    startup_stm32f103xb.o(RESET) refers (Special) to heapauxi.o(.text) for __use_two_region_memory
    startup_stm32f103xb.o(RESET) refers to startup_stm32f103xb.o(STACK) for __initial_sp
    startup_stm32f103xb.o(RESET) refers to startup_stm32f103xb.o(.text) for Reset_Handler
    startup_stm32f103xb.o(RESET) refers to stm32f1xx_it.o(i.NMI_Handler) for NMI_Handler
    startup_stm32f103xb.o(RESET) refers to stm32f1xx_it.o(i.HardFault_Handler) for HardFault_Handler
    startup_stm32f103xb.o(RESET) refers to stm32f1xx_it.o(i.MemManage_Handler) for MemManage_Handler
    startup_stm32f103xb.o(RESET) refers to stm32f1xx_it.o(i.BusFault_Handler) for BusFault_Handler
    startup_stm32f103xb.o(RESET) refers to stm32f1xx_it.o(i.UsageFault_Handler) for UsageFault_Handler
    startup_stm32f103xb.o(RESET) refers to stm32f1xx_it.o(i.SVC_Handler) for SVC_Handler
    startup_stm32f103xb.o(RESET) refers to stm32f1xx_it.o(i.DebugMon_Handler) for DebugMon_Handler
    startup_stm32f103xb.o(RESET) refers to stm32f1xx_it.o(i.PendSV_Handler) for PendSV_Handler
    startup_stm32f103xb.o(RESET) refers to stm32f1xx_it.o(i.SysTick_Handler) for SysTick_Handler
    startup_stm32f103xb.o(RESET) refers to stm32f1xx_it.o(i.DMA1_Channel4_IRQHandler) for DMA1_Channel4_IRQHandler
    startup_stm32f103xb.o(RESET) refers to stm32f1xx_it.o(i.DMA1_Channel5_IRQHandler) for DMA1_Channel5_IRQHandler
    startup_stm32f103xb.o(RESET) refers to stm32f1xx_it.o(i.TIM1_UP_IRQHandler) for TIM1_UP_IRQHandler
    startup_stm32f103xb.o(RESET) refers to stm32f1xx_it.o(i.USART1_IRQHandler) for USART1_IRQHandler
    startup_stm32f103xb.o(.text) refers (Special) to heapauxi.o(.text) for __use_two_region_memory
    startup_stm32f103xb.o(.text) refers to system_stm32f1xx.o(i.SystemInit) for SystemInit
    startup_stm32f103xb.o(.text) refers to __main.o(!!!main) for __main
    startup_stm32f103xb.o(.text) refers to startup_stm32f103xb.o(HEAP) for Heap_Mem
    startup_stm32f103xb.o(.text) refers to startup_stm32f103xb.o(STACK) for Stack_Mem
    ads1220.o(i.ReadReg) refers to stm32f1xx_hal_gpio.o(i.HAL_GPIO_WritePin) for HAL_GPIO_WritePin
    ads1220.o(i.ReadReg) refers to stm32f1xx_hal.o(i.HAL_Delay) for HAL_Delay
    ads1220.o(i.ReadReg) refers to stm32f1xx_hal_spi.o(i.HAL_SPI_Transmit) for HAL_SPI_Transmit
    ads1220.o(i.ReadReg) refers to stm32f1xx_hal_spi.o(i.HAL_SPI_TransmitReceive) for HAL_SPI_TransmitReceive
    ads1220.o(i.Read_WaitForData) refers to stm32f1xx_hal_gpio.o(i.HAL_GPIO_ReadPin) for HAL_GPIO_ReadPin
    ads1220.o(i.Read_WaitForData) refers to stm32f1xx_hal_gpio.o(i.HAL_GPIO_WritePin) for HAL_GPIO_WritePin
    ads1220.o(i.Read_WaitForData) refers to stm32f1xx_hal.o(i.HAL_Delay) for HAL_Delay
    ads1220.o(i.Read_WaitForData) refers to stm32f1xx_hal_spi.o(i.HAL_SPI_TransmitReceive) for HAL_SPI_TransmitReceive
    ads1220.o(i.Reset) refers to stm32f1xx_hal_gpio.o(i.HAL_GPIO_WritePin) for HAL_GPIO_WritePin
    ads1220.o(i.Reset) refers to stm32f1xx_hal.o(i.HAL_Delay) for HAL_Delay
    ads1220.o(i.Reset) refers to stm32f1xx_hal_spi.o(i.HAL_SPI_Transmit) for HAL_SPI_Transmit
    ads1220.o(i.WriteReg) refers to stm32f1xx_hal_gpio.o(i.HAL_GPIO_WritePin) for HAL_GPIO_WritePin
    ads1220.o(i.WriteReg) refers to stm32f1xx_hal.o(i.HAL_Delay) for HAL_Delay
    ads1220.o(i.WriteReg) refers to stm32f1xx_hal_spi.o(i.HAL_SPI_Transmit) for HAL_SPI_Transmit
    ads1220.o(i.begin) refers to stm32f1xx_hal.o(i.HAL_Delay) for HAL_Delay
    ads1220.o(i.begin) refers to stm32f1xx_hal_gpio.o(i.HAL_GPIO_WritePin) for HAL_GPIO_WritePin
    ads1220.o(i.begin) refers to ads1220.o(i.WriteReg) for WriteReg
    ads1220.o(i.begin) refers to ads1220.o(i.ReadReg) for ReadReg
    ads1220.o(i.calib) refers to f2d.o(x$fpl$f2d) for __aeabi_f2d
    ads1220.o(i.calib) refers to dmul.o(x$fpl$dmul) for __aeabi_dmul
    ads1220.o(i.calib) refers to daddsub_clz.o(x$fpl$dadd) for __aeabi_dadd
    ads1220.o(i.calib) refers to daddsub_clz.o(x$fpl$dsub) for __aeabi_dsub
    ads1220.o(i.calib) refers to daddsub_clz.o(x$fpl$drsb) for __aeabi_drsub
    ads1220.o(i.calib) refers to d2f.o(x$fpl$d2f) for __aeabi_d2f
    ads1220.o(i.convert) refers to f2d.o(x$fpl$f2d) for __aeabi_f2d
    ads1220.o(i.convert) refers to log.o(i.log) for log
    ads1220.o(i.convert) refers to dmul.o(x$fpl$dmul) for __aeabi_dmul
    ads1220.o(i.convert) refers to daddsub_clz.o(x$fpl$dadd) for __aeabi_dadd
    ads1220.o(i.convert) refers to ddiv.o(x$fpl$ddiv) for __aeabi_ddiv
    ads1220.o(i.convert) refers to daddsub_clz.o(x$fpl$dsub) for __aeabi_dsub
    ads1220.o(i.convert) refers to d2f.o(x$fpl$d2f) for __aeabi_d2f
[...]
    i.HAL_DMA_Abort                          0x08000322   Section        0  stm32f1xx_hal_dma.o(i.HAL_DMA_Abort)
    i.HAL_DMA_Abort_IT                       0x08000368   Section        0  stm32f1xx_hal_dma.o(i.HAL_DMA_Abort_IT)
    i.HAL_DMA_DeInit                         0x08000400   Section        0  stm32f1xx_hal_dma.o(i.HAL_DMA_DeInit)
    i.HAL_DMA_IRQHandler                     0x0800045c   Section        0  stm32f1xx_hal_dma.o(i.HAL_DMA_IRQHandler)
    i.HAL_DMA_Init                           0x080005b0   Section        0  stm32f1xx_hal_dma.o(i.HAL_DMA_Init)
    i.HAL_DMA_Start_IT                       0x0800060c   Section        0  stm32f1xx_hal_dma.o(i.HAL_DMA_Start_IT)
    i.HAL_Delay                              0x0800067c   Section        0  stm32f1xx_hal.o(i.HAL_Delay)
    i.HAL_GPIO_DeInit                        0x080006a0   Section        0  stm32f1xx_hal_gpio.o(i.HAL_GPIO_DeInit)
    i.HAL_GPIO_Init                          0x0800079c   Section        0  stm32f1xx_hal_gpio.o(i.HAL_GPIO_Init)
    i.HAL_GPIO_ReadPin                       0x0800097c   Section        0  stm32f1xx_hal_gpio.o(i.HAL_GPIO_ReadPin)
    i.HAL_GPIO_WritePin                      0x08000986   Section        0  stm32f1xx_hal_gpio.o(i.HAL_GPIO_WritePin)
    i.HAL_GetTick                            0x08000990   Section        0  stm32f1xx_hal.o(i.HAL_GetTick)
    i.HAL_IncTick                            0x0800099c   Section        0  stm32f1xx_hal.o(i.HAL_IncTick)
    i.HAL_Init                               0x080009ac   Section        0  stm32f1xx_hal.o(i.HAL_Init)
    i.HAL_InitTick                           0x080009d0   Section        0  stm32f1xx_hal.o(i.HAL_InitTick)
    i.HAL_MspInit                            0x08000a10   Section        0  stm32f1xx_hal_msp.o(i.HAL_MspInit)
    i.HAL_NVIC_DisableIRQ                    0x08000a4c   Section        0  stm32f1xx_hal_cortex.o(i.HAL_NVIC_DisableIRQ)
    i.HAL_NVIC_EnableIRQ                     0x08000a6e   Section        0  stm32f1xx_hal_cortex.o(i.HAL_NVIC_EnableIRQ)
    i.HAL_NVIC_SetPriority                   0x08000a88   Section        0  stm32f1xx_hal_cortex.o(i.HAL_NVIC_SetPriority)
    i.HAL_NVIC_SetPriorityGrouping           0x08000ac8   Section        0  stm32f1xx_hal_cortex.o(i.HAL_NVIC_SetPriorityGrouping)
    i.HAL_RCC_ClockConfig                    0x08000aec   Section        0  stm32f1xx_hal_rcc.o(i.HAL_RCC_ClockConfig)
    i.HAL_RCC_GetPCLK1Freq                   0x08000c18   Section        0  stm32f1xx_hal_rcc.o(i.HAL_RCC_GetPCLK1Freq)
    i.HAL_RCC_GetPCLK2Freq                   0x08000c38   Section        0  stm32f1xx_hal_rcc.o(i.HAL_RCC_GetPCLK2Freq)
    i.HAL_RCC_GetSysClockFreq                0x08000c58   Section        0  stm32f1xx_hal_rcc.o(i.HAL_RCC_GetSysClockFreq)
    i.HAL_RCC_OscConfig                      0x08000cc4   Section        0  stm32f1xx_hal_rcc.o(i.HAL_RCC_OscConfig)
    i.HAL_SPI_Init                           0x08000fe4   Section        0  stm32f1xx_hal_spi.o(i.HAL_SPI_Init)
    i.HAL_SPI_MspInit                        0x08001098   Section        0  stm32f1xx_hal_msp.o(i.HAL_SPI_MspInit)
    i.HAL_SPI_Transmit                       0x08001108   Section        0  stm32f1xx_hal_spi.o(i.HAL_SPI_Transmit)
    i.HAL_SPI_TransmitReceive                0x0800126e   Section        0  stm32f1xx_hal_spi.o(i.HAL_SPI_TransmitReceive)
    i.HAL_SYSTICK_Config                     0x08001450   Section        0  stm32f1xx_hal_cortex.o(i.HAL_SYSTICK_Config)
    i.HAL_TIMEx_BreakCallback                0x08001478   Section        0  stm32f1xx_hal_tim_ex.o(i.HAL_TIMEx_BreakCallback)
    i.HAL_TIMEx_CommutCallback               0x0800147a   Section        0  stm32f1xx_hal_tim_ex.o(i.HAL_TIMEx_CommutCallback)
    i.HAL_TIMEx_MasterConfigSynchronization  0x0800147c   Section        0  stm32f1xx_hal_tim_ex.o(i.HAL_TIMEx_MasterConfigSynchronization)
    i.HAL_TIM_Base_Init                      0x080014e4   Section        0  stm32f1xx_hal_tim.o(i.HAL_TIM_Base_Init)
    i.HAL_TIM_Base_MspInit                   0x08001540   Section        0  stm32f1xx_hal_msp.o(i.HAL_TIM_Base_MspInit)
    i.HAL_TIM_Base_Start_IT                  0x0800157c   Section        0  stm32f1xx_hal_tim.o(i.HAL_TIM_Base_Start_IT)
    i.HAL_TIM_ConfigClockSource              0x080015d4   Section        0  stm32f1xx_hal_tim.o(i.HAL_TIM_ConfigClockSource)
    i.HAL_TIM_IC_CaptureCallback             0x080016aa   Section        0  stm32f1xx_hal_tim.o(i.HAL_TIM_IC_CaptureCallback)
    i.HAL_TIM_IRQHandler                     0x080016ac   Section        0  stm32f1xx_hal_tim.o(i.HAL_TIM_IRQHandler)
    i.HAL_TIM_MspPostInit                    0x08001814   Section        0  stm32f1xx_hal_msp.o(i.HAL_TIM_MspPostInit)
    i.HAL_TIM_OC_DelayElapsedCallback        0x080018d4   Section        0  stm32f1xx_hal_tim.o(i.HAL_TIM_OC_DelayElapsedCallback)
    i.HAL_TIM_PWM_ConfigChannel              0x080018d6   Section        0  stm32f1xx_hal_tim.o(i.HAL_TIM_PWM_ConfigChannel)
    i.HAL_TIM_PWM_Init                       0x0800199c   Section        0  stm32f1xx_hal_tim.o(i.HAL_TIM_PWM_Init)
    i.HAL_TIM_PWM_MspInit                    0x080019f8   Section        0  stm32f1xx_hal_msp.o(i.HAL_TIM_PWM_MspInit)
    i.HAL_TIM_PWM_PulseFinishedCallback      0x08001a34   Section        0  stm32f1xx_hal_tim.o(i.HAL_TIM_PWM_PulseFinishedCallback)
    i.HAL_TIM_PWM_Start                      0x08001a38   Section        0  stm32f1xx_hal_tim.o(i.HAL_TIM_PWM_Start)
    i.HAL_TIM_PeriodElapsedCallback          0x08001ad4   Section        0  main.o(i.HAL_TIM_PeriodElapsedCallback)
    i.HAL_TIM_TriggerCallback                0x08001cfc   Section        0  stm32f1xx_hal_tim.o(i.HAL_TIM_TriggerCallback)
    i.HAL_UARTEx_ReceiveToIdle_DMA           0x08001cfe   Section        0  stm32f1xx_hal_uart.o(i.HAL_UARTEx_ReceiveToIdle_DMA)
    i.HAL_UARTEx_RxEventCallback             0x08001d48   Section        0  main.o(i.HAL_UARTEx_RxEventCallback)
    i.HAL_UART_DeInit                        0x08001d7c   Section        0  stm32f1xx_hal_uart.o(i.HAL_UART_DeInit)
    i.HAL_UART_ErrorCallback                 0x08001db0   Section        0  main.o(i.HAL_UART_ErrorCallback)
    i.HAL_UART_IRQHandler                    0x08001de4   Section        0  stm32f1xx_hal_uart.o(i.HAL_UART_IRQHandler)
    i.HAL_UART_Init                          0x08001ff0   Section        0  stm32f1xx_hal_uart.o(i.HAL_UART_Init)
    i.HAL_UART_MspDeInit                     0x08002054   Section        0  stm32f1xx_hal_msp.o(i.HAL_UART_MspDeInit)
    i.HAL_UART_MspInit                       0x08002098   Section        0  stm32f1xx_hal_msp.o(i.HAL_UART_MspInit)
    i.HAL_UART_RxCpltCallback                0x08002174   Section        0  stm32f1xx_hal_uart.o(i.HAL_UART_RxCpltCallback)
    i.HAL_UART_RxHalfCpltCallback            0x08002176   Section        0  stm32f1xx_hal_uart.o(i.HAL_UART_RxHalfCpltCallback)
    i.HAL_UART_Transmit_DMA                  0x08002178   Section        0  stm32f1xx_hal_uart.o(i.HAL_UART_Transmit_DMA)
    i.HAL_UART_TxCpltCallback                0x080021f8   Section        0  stm32f1xx_hal_uart.o(i.HAL_UART_TxCpltCallback)
    i.HAL_UART_TxHalfCpltCallback            0x080021fa   Section        0  stm32f1xx_hal_uart.o(i.HAL_UART_TxHalfCpltCallback)
    i.HardFault_Handler                      0x080021fc   Section        0  stm32f1xx_it.o(i.HardFault_Handler)
    i.I_params_set                           0x08002200   Section        0  stepperrpm.o(i.I_params_set)
    i.MX_GPIO_Init                           0x08002228   Section        0  main.o(i.MX_GPIO_Init)
    MX_GPIO_Init                             0x08002229   Thumb Code   138  main.o(i.MX_GPIO_Init)
    i.MX_SPI1_Init                           0x080022c0   Section        0  main.o(i.MX_SPI1_Init)
    MX_SPI1_Init                             0x080022c1   Thumb Code    56  main.o(i.MX_SPI1_Init)
    i.MX_TIM1_Init                           0x08002300   Section        0  main.o(i.MX_TIM1_Init)
    MX_TIM1_Init                             0x08002301   Thumb Code    94  main.o(i.MX_TIM1_Init)
    i.MX_TIM2_Init                           0x08002368   Section        0  main.o(i.MX_TIM2_Init)
    MX_TIM2_Init                             0x08002369   Thumb Code   122  main.o(i.MX_TIM2_Init)
    i.MX_TIM3_Init                           0x080023e8   Section        0  main.o(i.MX_TIM3_Init)
    MX_TIM3_Init                             0x080023e9   Thumb Code   104  main.o(i.MX_TIM3_Init)
    i.MemManage_Handler                      0x08002458   Section        0  stm32f1xx_it.o(i.MemManage_Handler)
    i.NMI_Handler                            0x0800245a   Section        0  stm32f1xx_it.o(i.NMI_Handler)
    i.PID_Temperature                        0x0800245c   Section        0  main.o(i.PID_Temperature)
    i.P_params_set                           0x0800258c   Section        0  stepperrpm.o(i.P_params_set)
    i.PendSV_Handler                         0x080025b4   Section        0  stm32f1xx_it.o(i.PendSV_Handler)
    i.ReadReg                                0x080025b8   Section        0  ads1220.o(i.ReadReg)
    i.Read_WaitForData                       0x0800261c   Section        0  ads1220.o(i.Read_WaitForData)
    i.Reset                                  0x08002694   Section        0  ads1220.o(i.Reset)
    i.SPI_EndRxTxTransaction                 0x080026f4   Section        0  stm32f1xx_hal_spi.o(i.SPI_EndRxTxTransaction)
    SPI_EndRxTxTransaction                   0x080026f5   Thumb Code    32  stm32f1xx_hal_spi.o(i.SPI_EndRxTxTransaction)
    i.SPI_WaitFlagStateUntilTimeout          0x08002714   Section        0  stm32f1xx_hal_spi.o(i.SPI_WaitFlagStateUntilTimeout)
    SPI_WaitFlagStateUntilTimeout            0x08002715   Thumb Code   180  stm32f1xx_hal_spi.o(i.SPI_WaitFlagStateUntilTimeout)
    i.SVC_Handler                            0x080027cc   Section        0  stm32f1xx_it.o(i.SVC_Handler)
    i.Sepoint_set                            0x080027d0   Section        0  stepperrpm.o(i.Sepoint_set)
    i.SysTick_Handler                        0x080027f8   Section        0  stm32f1xx_it.o(i.SysTick_Handler)
    i.SystemClock_Config                     0x080027fc   Section        0  main.o(i.SystemClock_Config)
    i.SystemInit                             0x08002852   Section        0  system_stm32f1xx.o(i.SystemInit)
    i.TIM1_UP_IRQHandler                     0x08002854   Section        0  stm32f1xx_it.o(i.TIM1_UP_IRQHandler)
    i.TIM_Base_SetConfig                     0x08002860   Section        0  stm32f1xx_hal_tim.o(i.TIM_Base_SetConfig)
    i.TIM_CCxChannelCmd                      0x080028cc   Section        0  stm32f1xx_hal_tim.o(i.TIM_CCxChannelCmd)
    i.TIM_ETR_SetConfig                      0x080028e6   Section        0  stm32f1xx_hal_tim.o(i.TIM_ETR_SetConfig)
    i.TIM_ITRx_SetConfig                     0x080028fa   Section        0  stm32f1xx_hal_tim.o(i.TIM_ITRx_SetConfig)
    TIM_ITRx_SetConfig                       0x080028fb   Thumb Code    16  stm32f1xx_hal_tim.o(i.TIM_ITRx_SetConfig)
    i.TIM_OC1_SetConfig                      0x0800290c   Section        0  stm32f1xx_hal_tim.o(i.TIM_OC1_SetConfig)
    TIM_OC1_SetConfig                        0x0800290d   Thumb Code    74  stm32f1xx_hal_tim.o(i.TIM_OC1_SetConfig)
    i.TIM_OC2_SetConfig                      0x0800295c   Section        0  stm32f1xx_hal_tim.o(i.TIM_OC2_SetConfig)
    i.TIM_OC3_SetConfig                      0x080029b4   Section        0  stm32f1xx_hal_tim.o(i.TIM_OC3_SetConfig)
    TIM_OC3_SetConfig                        0x080029b5   Thumb Code    82  stm32f1xx_hal_tim.o(i.TIM_OC3_SetConfig)
    i.TIM_OC4_SetConfig                      0x08002a0c   Section        0  stm32f1xx_hal_tim.o(i.TIM_OC4_SetConfig)
    TIM_OC4_SetConfig                        0x08002a0d   Thumb Code    64  stm32f1xx_hal_tim.o(i.TIM_OC4_SetConfig)
    i.TIM_TI1_ConfigInputStage               0x08002a50   Section        0  stm32f1xx_hal_tim.o(i.TIM_TI1_ConfigInputStage)
    TIM_TI1_ConfigInputStage                 0x08002a51   Thumb Code    34  stm32f1xx_hal_tim.o(i.TIM_TI1_ConfigInputStage)
    i.TIM_TI2_ConfigInputStage               0x08002a72   Section        0  stm32f1xx_hal_tim.o(i.TIM_TI2_ConfigInputStage)
    TIM_TI2_ConfigInputStage                 0x08002a73   Thumb Code    36  stm32f1xx_hal_tim.o(i.TIM_TI2_ConfigInputStage)
    i.UART_DMAAbortOnError                   0x08002a96   Section        0  stm32f1xx_hal_uart.o(i.UART_DMAAbortOnError)
    UART_DMAAbortOnError                     0x08002a97   Thumb Code    16  stm32f1xx_hal_uart.o(i.UART_DMAAbortOnError)
    i.UART_DMAError                          0x08002aa6   Section        0  stm32f1xx_hal_uart.o(i.UART_DMAError)
    UART_DMAError                            0x08002aa7   Thumb Code    74  stm32f1xx_hal_uart.o(i.UART_DMAError)
    i.UART_DMAReceiveCplt                    0x08002af0   Section        0  stm32f1xx_hal_uart.o(i.UART_DMAReceiveCplt)
    UART_DMAReceiveCplt                      0x08002af1   Thumb Code    90  stm32f1xx_hal_uart.o(i.UART_DMAReceiveCplt)
    i.UART_DMARxHalfCplt                     0x08002b4a   Section        0  stm32f1xx_hal_uart.o(i.UART_DMARxHalfCplt)
    UART_DMARxHalfCplt                       0x08002b4b   Thumb Code    26  stm32f1xx_hal_uart.o(i.UART_DMARxHalfCplt)
    i.UART_DMATransmitCplt                   0x08002b64   Section        0  stm32f1xx_hal_uart.o(i.UART_DMATransmitCplt)
    UART_DMATransmitCplt                     0x08002b65   Thumb Code    46  stm32f1xx_hal_uart.o(i.UART_DMATransmitCplt)
    i.UART_DMATxHalfCplt                     0x08002b92   Section        0  stm32f1xx_hal_uart.o(i.UART_DMATxHalfCplt)
    UART_DMATxHalfCplt                       0x08002b93   Thumb Code    10  stm32f1xx_hal_uart.o(i.UART_DMATxHalfCplt)
    i.UART_EndRxTransfer                     0x08002b9c   Section        0  stm32f1xx_hal_uart.o(i.UART_EndRxTransfer)
    UART_EndRxTransfer                       0x08002b9d   Thumb Code    48  stm32f1xx_hal_uart.o(i.UART_EndRxTransfer)
    i.UART_EndTxTransfer                     0x08002bcc   Section        0  stm32f1xx_hal_uart.o(i.UART_EndTxTransfer)
    UART_EndTxTransfer                       0x08002bcd   Thumb Code    18  stm32f1xx_hal_uart.o(i.UART_EndTxTransfer)
    i.UART_Receive_IT                        0x08002bde   Section        0  stm32f1xx_hal_uart.o(i.UART_Receive_IT)
    UART_Receive_IT                          0x08002bdf   Thumb Code   182  stm32f1xx_hal_uart.o(i.UART_Receive_IT)
    i.UART_SetConfig                         0x08002c94   Section        0  stm32f1xx_hal_uart.o(i.UART_SetConfig)
    UART_SetConfig                           0x08002c95   Thumb Code   178  stm32f1xx_hal_uart.o(i.UART_SetConfig)
    i.UART_Start_Receive_DMA                 0x08002d4c   Section        0  stm32f1xx_hal_uart.o(i.UART_Start_Receive_DMA)
    i.USART1_IRQHandler                      0x08002dbc   Section        0  stm32f1xx_it.o(i.USART1_IRQHandler)
    i.UsageFault_Handler                     0x08002dc8   Section        0  stm32f1xx_it.o(i.UsageFault_Handler)
    i.WriteReg                               0x08002dcc   Section        0  ads1220.o(i.WriteReg)
    i.__NVIC_SetPriority                     0x08002e20   Section        0  stm32f1xx_hal_cortex.o(i.__NVIC_SetPriority)
    __NVIC_SetPriority                       0x08002e21   Thumb Code    32  stm32f1xx_hal_cortex.o(i.__NVIC_SetPriority)
    i.__kernel_poly                          0x08002e40   Section        0  poly.o(i.__kernel_poly)
    i.__mathlib_dbl_divzero                  0x08002eec   Section        0  dunder.o(i.__mathlib_dbl_divzero)
    i.__mathlib_dbl_infnan                   0x08002efc   Section        0  dunder.o(i.__mathlib_dbl_infnan)
    i.__mathlib_dbl_invalid                  0x08002f02   Section        0  dunder.o(i.__mathlib_dbl_invalid)
    i.begin                                  0x08002f10   Section        0  ads1220.o(i.begin)
    i.convert                                0x08002f98   Section        0  ads1220.o(i.convert)
    i.create                                 0x080030c0   Section        0  stepperrpm.o(i.create)
    i.dutycycle_set                          0x08003114   Section        0  stepperrpm.o(i.dutycycle_set)
    i.freq_set                               0x08003154   Section        0  stepperrpm.o(i.freq_set)
    i.get_speed                              0x08003188   Section        0  stepperrpm.o(i.get_speed)
    i.idle                                   0x080031d8   Section        0  stepperrpm.o(i.idle)
    i.log                                    0x080031dc   Section        0  log.o(i.log)
    i.main                                   0x08003538   Section        0  main.o(i.main)
    i.protocol_decode                        0x080036a8   Section        0  stepperrpm.o(i.protocol_decode)
    i.readVoltage                            0x08003760   Section        0  ads1220.o(i.readVoltage)
    i.response                               0x080037b4   Section        0  stepperrpm.o(i.response)
    i.rint                                   0x0800387c   Section        0  rint.o(i.rint)
    i.set_speed                              0x08003880   Section        0  stepperrpm.o(i.set_speed)
    i.start_conv                             0x080038d8   Section        0  ads1220.o(i.start_conv)
    i.stop                                   0x08003938   Section        0  stepperrpm.o(i.stop)
    x$fpl$d2f                                0x08003940   Section       98  d2f.o(x$fpl$d2f)
    x$fpl$dadd                               0x080039a4   Section      336  daddsub_clz.o(x$fpl$dadd)
    _dadd1                                   0x080039b5   Thumb Code     0  daddsub_clz.o(x$fpl$dadd)
    x$fpl$dcheck1                            0x08003af4   Section       16  dcheck1.o(x$fpl$dcheck1)
    x$fpl$dcmpinf                            0x08003b04   Section       24  dcmpi.o(x$fpl$dcmpinf)
    x$fpl$ddiv                               0x08003b1c   Section      688  ddiv.o(x$fpl$ddiv)
    ddiv_entry                               0x08003b23   Thumb Code     0  ddiv.o(x$fpl$ddiv)
    x$fpl$deqf                               0x08003dcc   Section      120  deqf.o(x$fpl$deqf)
    x$fpl$dfix                               0x08003e44   Section       94  dfix.o(x$fpl$dfix)
    x$fpl$dflt                               0x08003ea2   Section       46  dflt_clz.o(x$fpl$dflt)
    x$fpl$dleqf                              0x08003ed0   Section      120  dleqf.o(x$fpl$dleqf)
    x$fpl$dmul                               0x08003f48   Section      340  dmul.o(x$fpl$dmul)
    x$fpl$dnaninf                            0x0800409c   Section      156  dnaninf.o(x$fpl$dnaninf)
    x$fpl$dretinf                            0x08004138   Section       12  dretinf.o(x$fpl$dretinf)
    x$fpl$drleqf                             0x08004144   Section      108  drleqf.o(x$fpl$drleqf)
    x$fpl$drnd                               0x080041b0   Section      180  drnd.o(x$fpl$drnd)
    x$fpl$drsb                               0x08004264   Section       22  daddsub_clz.o(x$fpl$drsb)
    x$fpl$dsub                               0x0800427c   Section      468  daddsub_clz.o(x$fpl$dsub)
    _dsub1                                   0x0800428d   Thumb Code     0  daddsub_clz.o(x$fpl$dsub)
    x$fpl$f2d                                0x08004450   Section       86  f2d.o(x$fpl$f2d)
    x$fpl$fadd                               0x080044a8   Section      196  faddsub_clz.o(x$fpl$fadd)
    _fadd1                                   0x080044b7   Thumb Code     0  faddsub_clz.o(x$fpl$fadd)
    x$fpl$fcheck1                            0x0800456c   Section       12  fcheck1.o(x$fpl$fcheck1)
    x$fpl$fdiv                               0x08004578   Section      388  fdiv.o(x$fpl$fdiv)
    _fdiv1                                   0x08004579   Thumb Code     0  fdiv.o(x$fpl$fdiv)
    x$fpl$ffix                               0x080046fc   Section       54  ffix.o(x$fpl$ffix)
    x$fpl$fflt                               0x08004734   Section       48  fflt_clz.o(x$fpl$fflt)
    x$fpl$ffltu                              0x08004764   Section       38  fflt_clz.o(x$fpl$ffltu)
    x$fpl$fmul                               0x0800478c   Section      258  fmul.o(x$fpl$fmul)
    x$fpl$fnaninf                            0x0800488e   Section      140  fnaninf.o(x$fpl$fnaninf)
    x$fpl$fretinf                            0x0800491a   Section       10  fretinf.o(x$fpl$fretinf)
    x$fpl$fsub                               0x08004924   Section      234  faddsub_clz.o(x$fpl$fsub)
    _fsub1                                   0x08004933   Thumb Code     0  faddsub_clz.o(x$fpl$fsub)
    x$fpl$retnan                             0x08004a0e   Section      100  retnan.o(x$fpl$retnan)
    x$fpl$scalbn                             0x08004a72   Section       92  scalbn.o(x$fpl$scalbn)
    x$fpl$scalbnf                            0x08004ace   Section       76  scalbnf.o(x$fpl$scalbnf)
    x$fpl$trapveneer                         0x08004b1a   Section       48  trapv.o(x$fpl$trapveneer)
    .constdata                               0x08004b4a   Section       16  system_stm32f1xx.o(.constdata)
    x$fpl$usenofp                            0x08004b4a   Section        0  usenofp.o(x$fpl$usenofp)
    .constdata                               0x08004b5a   Section        8  system_stm32f1xx.o(.constdata)
    .constdata                               0x08004b68   Section       56  log.o(.constdata)
    Lg2                                      0x08004b68   Data          24  log.o(.constdata)
    Lg                                       0x08004b80   Data          32  log.o(.constdata)
    .constdata                               0x08004ba0   Section        8  qnan.o(.constdata)
    .data                                    0x20000000   Section      120  main.o(.data)
    .data                                    0x20000078   Section       12  stm32f1xx_hal.o(.data)
    .data                                    0x20000084   Section        4  system_stm32f1xx.o(.data)
    .bss                                     0x20000088   Section      520  main.o(.bss)
    .bss                                     0x20000290   Section       68  main.o(.bss)
    .bss                                     0x200002d4   Section       96  libspace.o(.bss)
    HEAP                                     0x20000338   Section      512  startup_stm32f103xb.o(HEAP)
    Heap_Mem                                 0x20000338   Data         512  startup_stm32f103xb.o(HEAP)
    STACK                                    0x20000538   Section     1024  startup_stm32f103xb.o(STACK)
    Stack_Mem                                0x20000538   Data        1024  startup_stm32f103xb.o(STACK)
    __initial_sp                             0x20000938   Data           0  startup_stm32f103xb.o(STACK)

    Global Symbols

    Symbol Name                              Value     Ov Type        Size  Object(Section)

    BuildAttributes$$THM_ISAv4$P$D$K$B$S$PE$A:L22UL41UL21$X:L11$S22US41US21$IEEE1$IW$USESV6$~STKCKD$USESV7$~SHL$OTIME$ROPI$IEEEX$EBA8$UX$STANDARDLIB$REQ8$PRES8$EABIv2 0x00000000   Number         0  anon$$obj.o ABSOLUTE
    __ARM_use_no_argv                        0x00000000   Number         0  main.o ABSOLUTE
    __ARM_exceptions_init                     - Undefined Weak Reference
    __alloca_initialize                       - Undefined Weak Reference
    __arm_preinit_                            - Undefined Weak Reference
    __cpp_initialize__aeabi_                  - Undefined Weak Reference
    __cxa_finalize                            - Undefined Weak Reference
    __rt_locale                               - Undefined Weak Reference
    __sigvec_lookup                           - Undefined Weak Reference
    _atexit_init                              - Undefined Weak Reference
    _call_atexit_fns                          - Undefined Weak Reference
    _clock_init                               - Undefined Weak Reference
    _fp_trap_init                             - Undefined Weak Reference
    _fp_trap_shutdown                         - Undefined Weak Reference
    _get_lc_collate                           - Undefined Weak Reference
    _get_lc_ctype                             - Undefined Weak Reference
    _get_lc_monetary                          - Undefined Weak Reference
    _get_lc_numeric                           - Undefined Weak Reference
    _get_lc_time                              - Undefined Weak Reference
    _getenv_init                              - Undefined Weak Reference
    _handle_redirection                       - Undefined Weak Reference
    _init_alloc                               - Undefined Weak Reference
    _init_user_alloc                          - Undefined Weak Reference
    _initio                                   - Undefined Weak Reference
    _rand_init                                - Undefined Weak Reference
    _signal_finish                            - Undefined Weak Reference
    _signal_init                              - Undefined Weak Reference
    _terminate_alloc                          - Undefined Weak Reference
    _terminate_user_alloc                     - Undefined Weak Reference
    _terminateio                              - Undefined Weak Reference
    __Vectors_Size                           0x000000ec   Number         0  startup_stm32f103xb.o ABSOLUTE
    __Vectors                                0x08000000   Data           4  startup_stm32f103xb.o(RESET)
    __Vectors_End                            0x080000ec   Data           0  startup_stm32f103xb.o(RESET)
    __main                                   0x080000ed   Thumb Code     8  __main.o(!!!main)
    __scatterload                            0x080000f5   Thumb Code     0  __scatter.o(!!!scatter)
    __scatterload_rt2                        0x080000f5   Thumb Code    44  __scatter.o(!!!scatter)
    __scatterload_rt2_thumb_only             0x080000f5   Thumb Code     0  __scatter.o(!!!scatter)
    __scatterload_null                       0x08000103   Thumb Code     0  __scatter.o(!!!scatter)
    __scatterload_copy                       0x08000129   Thumb Code    26  __scatter_copy.o(!!handler_copy)
    __scatterload_zeroinit                   0x08000145   Thumb Code    28  __scatter_zi.o(!!handler_zi)
    __rt_lib_init                            0x08000161   Thumb Code     0  libinit.o(.ARM.Collect$$libinit$$00000000)
    __rt_lib_init_alloca_1                   0x08000163   Thumb Code     0  libinit2.o(.ARM.Collect$$libinit$$0000002E)
    __rt_lib_init_argv_1                     0x08000163   Thumb Code     0  libinit2.o(.ARM.Collect$$libinit$$0000002C)
    __rt_lib_init_atexit_1                   0x08000163   Thumb Code     0  libinit2.o(.ARM.Collect$$libinit$$0000001B)
    __rt_lib_init_clock_1                    0x08000163   Thumb Code     0  libinit2.o(.ARM.Collect$$libinit$$00000021)
    __rt_lib_init_cpp_1                      0x08000163   Thumb Code     0  libinit2.o(.ARM.Collect$$libinit$$00000032)
    __rt_lib_init_exceptions_1               0x08000163   Thumb Code     0  libinit2.o(.ARM.Collect$$libinit$$00000030)
    __rt_lib_init_fp_1                       0x08000163   Thumb Code     0  libinit2.o(.ARM.Collect$$libinit$$00000002)
    __rt_lib_init_fp_trap_1                  0x08000163   Thumb Code     0  libinit2.o(.ARM.Collect$$libinit$$0000001F)
    __rt_lib_init_getenv_1                   0x08000163   Thumb Code     0  libinit2.o(.ARM.Collect$$libinit$$00000023)
    __rt_lib_init_heap_1                     0x08000163   Thumb Code     0  libinit2.o(.ARM.Collect$$libinit$$0000000A)
    __rt_lib_init_lc_collate_1               0x08000163   Thumb Code     0  libinit2.o(.ARM.Collect$$libinit$$00000011)
    __rt_lib_init_lc_ctype_1                 0x08000163   Thumb Code     0  libinit2.o(.ARM.Collect$$libinit$$00000013)
    __rt_lib_init_lc_monetary_1              0x08000163   Thumb Code     0  libinit2.o(.ARM.Collect$$libinit$$00000015)
    __rt_lib_init_lc_numeric_1               0x08000163   Thumb Code     0  libinit2.o(.ARM.Collect$$libinit$$00000017)
    __rt_lib_init_lc_time_1                  0x08000163   Thumb Code     0  libinit2.o(.ARM.Collect$$libinit$$00000019)
    __rt_lib_init_preinit_1                  0x08000163   Thumb Code     0  libinit2.o(.ARM.Collect$$libinit$$00000004)
    __rt_lib_init_rand_1                     0x08000163   Thumb Code     0  libinit2.o(.ARM.Collect$$libinit$$0000000E)
    __rt_lib_init_return                     0x08000163   Thumb Code     0  libinit2.o(.ARM.Collect$$libinit$$00000033)
    __rt_lib_init_signal_1                   0x08000163   Thumb Code     0  libinit2.o(.ARM.Collect$$libinit$$0000001D)
    __rt_lib_init_stdio_1                    0x08000163   Thumb Code     0  libinit2.o(.ARM.Collect$$libinit$$00000025)
    __rt_lib_init_user_alloc_1               0x08000163   Thumb Code     0  libinit2.o(.ARM.Collect$$libinit$$0000000C)
    __rt_lib_shutdown                        0x08000165   Thumb Code     0  libshutdown.o(.ARM.Collect$$libshutdown$$00000000)
    __rt_lib_shutdown_cpp_1                  0x08000167   Thumb Code     0  libshutdown2.o(.ARM.Collect$$libshutdown$$00000002)
    __rt_lib_shutdown_fp_trap_1              0x08000167   Thumb Code     0  libshutdown2.o(.ARM.Collect$$libshutdown$$00000007)
    __rt_lib_shutdown_heap_1                 0x08000167   Thumb Code     0  libshutdown2.o(.ARM.Collect$$libshutdown$$0000000F)
    __rt_lib_shutdown_return                 0x08000167   Thumb Code     0  libshutdown2.o(.ARM.Collect$$libshutdown$$00000010)
    __rt_lib_shutdown_signal_1               0x08000167   Thumb Code     0  libshutdown2.o(.ARM.Collect$$libshutdown$$0000000A)
    __rt_lib_shutdown_stdio_1                0x08000167   Thumb Code     0  libshutdown2.o(.ARM.Collect$$libshutdown$$00000004)
    __rt_lib_shutdown_user_alloc_1           0x08000167   Thumb Code     0  libshutdown2.o(.ARM.Collect$$libshutdown$$0000000C)
    __rt_entry                               0x08000169   Thumb Code     0  __rtentry.o(.ARM.Collect$$rtentry$$00000000)
    __rt_entry_presh_1                       0x08000169   Thumb Code     0  __rtentry2.o(.ARM.Collect$$rtentry$$00000002)
    __rt_entry_sh                            0x08000169   Thumb Code     0  __rtentry4.o(.ARM.Collect$$rtentry$$00000004)
    __rt_entry_li                            0x0800016f   Thumb Code     0  __rtentry2.o(.ARM.Collect$$rtentry$$0000000A)
    __rt_entry_postsh_1                      0x0800016f   Thumb Code     0  __rtentry2.o(.ARM.Collect$$rtentry$$00000009)
    __rt_entry_main                          0x08000173   Thumb Code     0  __rtentry2.o(.ARM.Collect$$rtentry$$0000000D)
    __rt_entry_postli_1                      0x08000173   Thumb Code     0  __rtentry2.o(.ARM.Collect$$rtentry$$0000000C)
    __rt_exit                                0x0800017b   Thumb Code     0  rtexit.o(.ARM.Collect$$rtexit$$00000000)
    __rt_exit_ls                             0x0800017d   Thumb Code     0  rtexit2.o(.ARM.Collect$$rtexit$$00000003)
    __rt_exit_prels_1                        0x0800017d   Thumb Code     0  rtexit2.o(.ARM.Collect$$rtexit$$00000002)
    __rt_exit_exit                           0x08000181   Thumb Code     0  rtexit2.o(.ARM.Collect$$rtexit$$00000004)
    Reset_Handler                            0x08000189   Thumb Code     8  startup_stm32f103xb.o(.text)
    ADC1_2_IRQHandler                        0x080001a3   Thumb Code     0  startup_stm32f103xb.o(.text)
    CAN1_RX1_IRQHandler                      0x080001a3   Thumb Code     0  startup_stm32f103xb.o(.text)
    CAN1_SCE_IRQHandler                      0x080001a3   Thumb Code     0  startup_stm32f103xb.o(.text)
    DMA1_Channel1_IRQHandler                 0x080001a3   Thumb Code     0  startup_stm32f103xb.o(.text)
    DMA1_Channel2_IRQHandler                 0x080001a3   Thumb Code     0  startup_stm32f103xb.o(.text)
    DMA1_Channel3_IRQHandler                 0x080001a3   Thumb Code     0  startup_stm32f103xb.o(.text)
    DMA1_Channel6_IRQHandler                 0x080001a3   Thumb Code     0  startup_stm32f103xb.o(.text)
    DMA1_Channel7_IRQHandler                 0x080001a3   Thumb Code     0  startup_stm32f103xb.o(.text)
    EXTI0_IRQHandler                         0x080001a3   Thumb Code     0  startup_stm32f103xb.o(.text)
    EXTI15_10_IRQHandler                     0x080001a3   Thumb Code     0  startup_stm32f103xb.o(.text)
    EXTI1_IRQHandler                         0x080001a3   Thumb Code     0  startup_stm32f103xb.o(.text)
    EXTI2_IRQHandler                         0x080001a3   Thumb Code     0  startup_stm32f103xb.o(.text)
    EXTI3_IRQHandler                         0x080001a3   Thumb Code     0  startup_stm32f103xb.o(.text)
    EXTI4_IRQHandler                         0x080001a3   Thumb Code     0  startup_stm32f103xb.o(.text)
    EXTI9_5_IRQHandler                       0x080001a3   Thumb Code     0  startup_stm32f103xb.o(.text)
    FLASH_IRQHandler                         0x080001a3   Thumb Code     0  startup_stm32f103xb.o(.text)
    I2C1_ER_IRQHandler                       0x080001a3   Thumb Code     0  startup_stm32f103xb.o(.text)
    I2C1_EV_IRQHandler                       0x080001a3   Thumb Code     0  startup_stm32f103xb.o(.text)
    I2C2_ER_IRQHandler                       0x080001a3   Thumb Code     0  startup_stm32f103xb.o(.text)
    I2C2_EV_IRQHandler                       0x080001a3   Thumb Code     0  startup_stm32f103xb.o(.text)
    PVD_IRQHandler                           0x080001a3   Thumb Code     0  startup_stm32f103xb.o(.text)
    RCC_IRQHandler                           0x080001a3   Thumb Code     0  startup_stm32f103xb.o(.text)
    RTC_Alarm_IRQHandler                     0x080001a3   Thumb Code     0  startup_stm32f103xb.o(.text)
    RTC_IRQHandler                           0x080001a3   Thumb Code     0  startup_stm32f103xb.o(.text)
    SPI1_IRQHandler                          0x080001a3   Thumb Code     0  startup_stm32f103xb.o(.text)
    SPI2_IRQHandler                          0x080001a3   Thumb Code     0  startup_stm32f103xb.o(.text)
    TAMPER_IRQHandler                        0x080001a3   Thumb Code     0  startup_stm32f103xb.o(.text)
    TIM1_BRK_IRQHandler                      0x080001a3   Thumb Code     0  startup_stm32f103xb.o(.text)
    TIM1_CC_IRQHandler                       0x080001a3   Thumb Code     0  startup_stm32f103xb.o(.text)
    TIM1_TRG_COM_IRQHandler                  0x080001a3   Thumb Code     0  startup_stm32f103xb.o(.text)
    TIM2_IRQHandler                          0x080001a3   Thumb Code     0  startup_stm32f103xb.o(.text)
    TIM3_IRQHandler                          0x080001a3   Thumb Code     0  startup_stm32f103xb.o(.text)
    TIM4_IRQHandler                          0x080001a3   Thumb Code     0  startup_stm32f103xb.o(.text)
    USART2_IRQHandler                        0x080001a3   Thumb Code     0  startup_stm32f103xb.o(.text)
    USART3_IRQHandler                        0x080001a3   Thumb Code     0  startup_stm32f103xb.o(.text)
    USBWakeUp_IRQHandler                     0x080001a3   Thumb Code     0  startup_stm32f103xb.o(.text)
    USB_HP_CAN1_TX_IRQHandler                0x080001a3   Thumb Code     0  startup_stm32f103xb.o(.text)
    USB_LP_CAN1_RX0_IRQHandler               0x080001a3   Thumb Code     0  startup_stm32f103xb.o(.text)
    WWDG_IRQHandler                          0x080001a3   Thumb Code     0  startup_stm32f103xb.o(.text)
    __user_initial_stackheap                 0x080001a5   Thumb Code     0  startup_stm32f103xb.o(.text)
    __aeabi_memclr4                          0x080001c9   Thumb Code     0  rt_memclr_w.o(.text)
    __aeabi_memclr8                          0x080001c9   Thumb Code     0  rt_memclr_w.o(.text)
    __rt_memclr_w                            0x080001c9   Thumb Code    78  rt_memclr_w.o(.text)
    _memset_w                                0x080001cd   Thumb Code     0  rt_memclr_w.o(.text)
    __use_two_region_memory                  0x08000217   Thumb Code     2  heapauxi.o(.text)
    __rt_heap_escrow$2region                 0x08000219   Thumb Code     2  heapauxi.o(.text)
    __rt_heap_expand$2region                 0x0800021b   Thumb Code     2  heapauxi.o(.text)
    __read_errno                             0x0800021d   Thumb Code    10  _rserrno.o(.text)
    __set_errno                              0x08000227   Thumb Code    12  _rserrno.o(.text)
    __aeabi_errno_addr                       0x08000235   Thumb Code     8  rt_errno_addr_intlibspace.o(.text)
    __errno$intlibspace                      0x08000235   Thumb Code     0  rt_errno_addr_intlibspace.o(.text)
    __rt_errno_addr$intlibspace              0x08000235   Thumb Code     0  rt_errno_addr_intlibspace.o(.text)
    __user_libspace                          0x0800023d   Thumb Code     8  libspace.o(.text)
    __user_perproc_libspace                  0x0800023d   Thumb Code     0  libspace.o(.text)
    __user_perthread_libspace                0x0800023d   Thumb Code     0  libspace.o(.text)
    __user_setup_stackheap                   0x08000245   Thumb Code    74  sys_stackheap_outer.o(.text)
    exit                                     0x0800028f   Thumb Code    18  exit.o(.text)
    _sys_exit                                0x080002a1   Thumb Code     8  sys_exit.o(.text)
    __I$use$semihosting                      0x080002ad   Thumb Code     0  use_no_semi.o(.text)
    __use_no_semihosting_swi                 0x080002ad   Thumb Code     2  use_no_semi.o(.text)
    BusFault_Handler                         0x080002af   Thumb Code     2  stm32f1xx_it.o(i.BusFault_Handler)
    __semihosting_library_function           0x080002af   Thumb Code     0  indicate_semi.o(.text)
    DMA1_Channel4_IRQHandler                 0x080002b1   Thumb Code     6  stm32f1xx_it.o(i.DMA1_Channel4_IRQHandler)
    DMA1_Channel5_IRQHandler                 0x080002bd   Thumb Code     6  stm32f1xx_it.o(i.DMA1_Channel5_IRQHandler)
    D_params_set                             0x080002f5   Thumb Code    34  stepperrpm.o(i.D_params_set)
    DebugMon_Handler                         0x0800031d   Thumb Code     2  stm32f1xx_it.o(i.DebugMon_Handler)
    Error_Handler                            0x0800031f   Thumb Code     4  main.o(i.Error_Handler)
    HAL_DMA_Abort                            0x08000323   Thumb Code    70  stm32f1xx_hal_dma.o(i.HAL_DMA_Abort)
    HAL_DMA_Abort_IT                         0x08000369   Thumb Code   148  stm32f1xx_hal_dma.o(i.HAL_DMA_Abort_IT)
    HAL_DMA_DeInit                           0x08000401   Thumb Code    84  stm32f1xx_hal_dma.o(i.HAL_DMA_DeInit)
    HAL_DMA_IRQHandler                       0x0800045d   Thumb Code   316  stm32f1xx_hal_dma.o(i.HAL_DMA_IRQHandler)
    HAL_DMA_Init                             0x080005b1   Thumb Code    84  stm32f1xx_hal_dma.o(i.HAL_DMA_Init)
    HAL_DMA_Start_IT                         0x0800060d   Thumb Code   112  stm32f1xx_hal_dma.o(i.HAL_DMA_Start_IT)
    HAL_Delay                                0x0800067d   Thumb Code    32  stm32f1xx_hal.o(i.HAL_Delay)
    HAL_GPIO_DeInit                          0x080006a1   Thumb Code   228  stm32f1xx_hal_gpio.o(i.HAL_GPIO_DeInit)
    HAL_GPIO_Init                            0x0800079d   Thumb Code   446  stm32f1xx_hal_gpio.o(i.HAL_GPIO_Init)
    HAL_GPIO_ReadPin                         0x0800097d   Thumb Code    10  stm32f1xx_hal_gpio.o(i.HAL_GPIO_ReadPin)
    HAL_GPIO_WritePin                        0x08000987   Thumb Code    10  stm32f1xx_hal_gpio.o(i.HAL_GPIO_WritePin)
    HAL_GetTick                              0x08000991   Thumb Code     6  stm32f1xx_hal.o(i.HAL_GetTick)
    HAL_IncTick                              0x0800099d   Thumb Code    12  stm32f1xx_hal.o(i.HAL_IncTick)
    HAL_Init                                 0x080009ad   Thumb Code    32  stm32f1xx_hal.o(i.HAL_Init)
    HAL_InitTick                             0x080009d1   Thumb Code    54  stm32f1xx_hal.o(i.HAL_InitTick)
    HAL_MspInit                              0x08000a11   Thumb Code    52  stm32f1xx_hal_msp.o(i.HAL_MspInit)
    HAL_NVIC_DisableIRQ                      0x08000a4d   Thumb Code    34  stm32f1xx_hal_cortex.o(i.HAL_NVIC_DisableIRQ)
    HAL_NVIC_EnableIRQ                       0x08000a6f   Thumb Code    26  stm32f1xx_hal_cortex.o(i.HAL_NVIC_EnableIRQ)
    HAL_NVIC_SetPriority                     0x08000a89   Thumb Code    60  stm32f1xx_hal_cortex.o(i.HAL_NVIC_SetPriority)
    HAL_NVIC_SetPriorityGrouping             0x08000ac9   Thumb Code    26  stm32f1xx_hal_cortex.o(i.HAL_NVIC_SetPriorityGrouping)
    HAL_RCC_ClockConfig                      0x08000aed   Thumb Code   280  stm32f1xx_hal_rcc.o(i.HAL_RCC_ClockConfig)
    HAL_RCC_GetPCLK1Freq                     0x08000c19   Thumb Code    20  stm32f1xx_hal_rcc.o(i.HAL_RCC_GetPCLK1Freq)
    HAL_RCC_GetPCLK2Freq                     0x08000c39   Thumb Code    20  stm32f1xx_hal_rcc.o(i.HAL_RCC_GetPCLK2Freq)
    HAL_RCC_GetSysClockFreq                  0x08000c59   Thumb Code    74  stm32f1xx_hal_rcc.o(i.HAL_RCC_GetSysClockFreq)
    HAL_RCC_OscConfig                        0x08000cc5   Thumb Code   778  stm32f1xx_hal_rcc.o(i.HAL_RCC_OscConfig)
    HAL_SPI_Init                             0x08000fe5   Thumb Code   178  stm32f1xx_hal_spi.o(i.HAL_SPI_Init)
    HAL_SPI_MspInit                          0x08001099   Thumb Code    98  stm32f1xx_hal_msp.o(i.HAL_SPI_MspInit)
    HAL_SPI_Transmit                         0x08001109   Thumb Code   358  stm32f1xx_hal_spi.o(i.HAL_SPI_Transmit)
    HAL_SPI_TransmitReceive                  0x0800126f   Thumb Code   482  stm32f1xx_hal_spi.o(i.HAL_SPI_TransmitReceive)
    HAL_SYSTICK_Config                       0x08001451   Thumb Code    40  stm32f1xx_hal_cortex.o(i.HAL_SYSTICK_Config)
    HAL_TIMEx_BreakCallback                  0x08001479   Thumb Code     2  stm32f1xx_hal_tim_ex.o(i.HAL_TIMEx_BreakCallback)
    HAL_TIMEx_CommutCallback                 0x0800147b   Thumb Code     2  stm32f1xx_hal_tim_ex.o(i.HAL_TIMEx_CommutCallback)
    HAL_TIMEx_MasterConfigSynchronization    0x0800147d   Thumb Code    92  stm32f1xx_hal_tim_ex.o(i.HAL_TIMEx_MasterConfigSynchronization)
    HAL_TIM_Base_Init                        0x080014e5   Thumb Code    90  stm32f1xx_hal_tim.o(i.HAL_TIM_Base_Init)
    HAL_TIM_Base_MspInit                     0x08001541   Thumb Code    50  stm32f1xx_hal_msp.o(i.HAL_TIM_Base_MspInit)
    HAL_TIM_Base_Start_IT                    0x0800157d   Thumb Code    76  stm32f1xx_hal_tim.o(i.HAL_TIM_Base_Start_IT)
    HAL_TIM_ConfigClockSource                0x080015d5   Thumb Code   214  stm32f1xx_hal_tim.o(i.HAL_TIM_ConfigClockSource)
    HAL_TIM_IC_CaptureCallback               0x080016ab   Thumb Code     2  stm32f1xx_hal_tim.o(i.HAL_TIM_IC_CaptureCallback)
    HAL_TIM_IRQHandler                       0x080016ad   Thumb Code   358  stm32f1xx_hal_tim.o(i.HAL_TIM_IRQHandler)
    HAL_TIM_MspPostInit                      0x08001815   Thumb Code   170  stm32f1xx_hal_msp.o(i.HAL_TIM_MspPostInit)
    HAL_TIM_OC_DelayElapsedCallback          0x080018d5   Thumb Code     2  stm32f1xx_hal_tim.o(i.HAL_TIM_OC_DelayElapsedCallback)
    HAL_TIM_PWM_ConfigChannel                0x080018d7   Thumb Code   198  stm32f1xx_hal_tim.o(i.HAL_TIM_PWM_ConfigChannel)
    HAL_TIM_PWM_Init                         0x0800199d   Thumb Code    90  stm32f1xx_hal_tim.o(i.HAL_TIM_PWM_Init)
    HAL_TIM_PWM_MspInit                      0x080019f9   Thumb Code    52  stm32f1xx_hal_msp.o(i.HAL_TIM_PWM_MspInit)
    HAL_TIM_PWM_PulseFinishedCallback        0x08001a35   Thumb Code     2  stm32f1xx_hal_tim.o(i.HAL_TIM_PWM_PulseFinishedCallback)
    HAL_TIM_PWM_Start                        0x08001a39   Thumb Code   144  stm32f1xx_hal_tim.o(i.HAL_TIM_PWM_Start)
    HAL_TIM_PeriodElapsedCallback            0x08001ad5   Thumb Code   536  main.o(i.HAL_TIM_PeriodElapsedCallback)
    HAL_TIM_TriggerCallback                  0x08001cfd   Thumb Code     2  stm32f1xx_hal_tim.o(i.HAL_TIM_TriggerCallback)
    HAL_UARTEx_ReceiveToIdle_DMA             0x08001cff   Thumb Code    74  stm32f1xx_hal_uart.o(i.HAL_UARTEx_ReceiveToIdle_DMA)
    HAL_UARTEx_RxEventCallback               0x08001d49   Thumb Code    46  main.o(i.HAL_UARTEx_RxEventCallback)
    HAL_UART_DeInit                          0x08001d7d   Thumb Code    52  stm32f1xx_hal_uart.o(i.HAL_UART_DeInit)
    HAL_UART_ErrorCallback                   0x08001db1   Thumb Code    48  main.o(i.HAL_UART_ErrorCallback)
    HAL_UART_IRQHandler                      0x08001de5   Thumb Code   520  stm32f1xx_hal_uart.o(i.HAL_UART_IRQHandler)
    HAL_UART_Init                            0x08001ff1   Thumb Code    98  stm32f1xx_hal_uart.o(i.HAL_UART_Init)
    HAL_UART_MspDeInit                       0x08002055   Thumb Code    56  stm32f1xx_hal_msp.o(i.HAL_UART_MspDeInit)
    HAL_UART_MspInit                         0x08002099   Thumb Code   194  stm32f1xx_hal_msp.o(i.HAL_UART_MspInit)
    HAL_UART_RxCpltCallback                  0x08002175   Thumb Code     2  stm32f1xx_hal_uart.o(i.HAL_UART_RxCpltCallback)
    HAL_UART_RxHalfCpltCallback              0x08002177   Thumb Code     2  stm32f1xx_hal_uart.o(i.HAL_UART_RxHalfCpltCallback)
    HAL_UART_Transmit_DMA                    0x08002179   Thumb Code   114  stm32f1xx_hal_uart.o(i.HAL_UART_Transmit_DMA)
    HAL_UART_TxCpltCallback                  0x080021f9   Thumb Code     2  stm32f1xx_hal_uart.o(i.HAL_UART_TxCpltCallback)
    HAL_UART_TxHalfCpltCallback              0x080021fb   Thumb Code     2  stm32f1xx_hal_uart.o(i.HAL_UART_TxHalfCpltCallback)
    HardFault_Handler                        0x080021fd   Thumb Code     2  stm32f1xx_it.o(i.HardFault_Handler)
    I_params_set                             0x08002201   Thumb Code    34  stepperrpm.o(i.I_params_set)
    MemManage_Handler                        0x08002459   Thumb Code     2  stm32f1xx_it.o(i.MemManage_Handler)
    NMI_Handler                              0x0800245b   Thumb Code     2  stm32f1xx_it.o(i.NMI_Handler)
    PID_Temperature                          0x0800245d   Thumb Code   294  main.o(i.PID_Temperature)
    P_params_set                             0x0800258d   Thumb Code    34  stepperrpm.o(i.P_params_set)
    PendSV_Handler                           0x080025b5   Thumb Code     2  stm32f1xx_it.o(i.PendSV_Handler)
    ReadReg                                  0x080025b9   Thumb Code    96  ads1220.o(i.ReadReg)
    Read_WaitForData                         0x0800261d   Thumb Code   114  ads1220.o(i.Read_WaitForData)
    Reset                                    0x08002695   Thumb Code    90  ads1220.o(i.Reset)
    SVC_Handler                              0x080027cd   Thumb Code     2  stm32f1xx_it.o(i.SVC_Handler)
    Sepoint_set                              0x080027d1   Thumb Code    34  stepperrpm.o(i.Sepoint_set)
    SysTick_Handler                          0x080027f9   Thumb Code     4  stm32f1xx_it.o(i.SysTick_Handler)
    SystemClock_Config                       0x080027fd   Thumb Code    86  main.o(i.SystemClock_Config)
    SystemInit                               0x08002853   Thumb Code     2  system_stm32f1xx.o(i.SystemInit)
    TIM1_UP_IRQHandler                       0x08002855   Thumb Code     6  stm32f1xx_it.o(i.TIM1_UP_IRQHandler)
    TIM_Base_SetConfig                       0x08002861   Thumb Code    94  stm32f1xx_hal_tim.o(i.TIM_Base_SetConfig)
    TIM_CCxChannelCmd                        0x080028cd   Thumb Code    26  stm32f1xx_hal_tim.o(i.TIM_CCxChannelCmd)
    TIM_ETR_SetConfig                        0x080028e7   Thumb Code    20  stm32f1xx_hal_tim.o(i.TIM_ETR_SetConfig)
    TIM_OC2_SetConfig                        0x0800295d   Thumb Code    84  stm32f1xx_hal_tim.o(i.TIM_OC2_SetConfig)
    UART_Start_Receive_DMA                   0x08002d4d   Thumb Code    98  stm32f1xx_hal_uart.o(i.UART_Start_Receive_DMA)
    USART1_IRQHandler                        0x08002dbd   Thumb Code     6  stm32f1xx_it.o(i.USART1_IRQHandler)
    UsageFault_Handler                       0x08002dc9   Thumb Code     2  stm32f1xx_it.o(i.UsageFault_Handler)
    WriteReg                                 0x08002dcd   Thumb Code    78  ads1220.o(i.WriteReg)
    __kernel_poly                            0x08002e41   Thumb Code   170  poly.o(i.__kernel_poly)
    __mathlib_dbl_divzero                    0x08002eed   Thumb Code    12  dunder.o(i.__mathlib_dbl_divzero)
    __mathlib_dbl_infnan                     0x08002efd   Thumb Code     6  dunder.o(i.__mathlib_dbl_infnan)
    __mathlib_dbl_invalid                    0x08002f03   Thumb Code    12  dunder.o(i.__mathlib_dbl_invalid)
    begin                                    0x08002f11   Thumb Code   130  ads1220.o(i.begin)
    convert                                  0x08002f99   Thumb Code   236  ads1220.o(i.convert)
    create                                   0x080030c1   Thumb Code    66  stepperrpm.o(i.create)
    dutycycle_set                            0x08003115   Thumb Code    56  stepperrpm.o(i.dutycycle_set)
    freq_set                                 0x08003155   Thumb Code    44  stepperrpm.o(i.freq_set)
    get_speed                                0x08003189   Thumb Code    62  stepperrpm.o(i.get_speed)
    idle                                     0x080031d9   Thumb Code     4  stepperrpm.o(i.idle)
    log                                      0x080031dd   Thumb Code   808  log.o(i.log)
    main                                     0x08003539   Thumb Code   344  main.o(i.main)
    protocol_decode                          0x080036a9   Thumb Code   184  stepperrpm.o(i.protocol_decode)
    readVoltage                              0x08003761   Thumb Code    68  ads1220.o(i.readVoltage)
    response                                 0x080037b5   Thumb Code   190  stepperrpm.o(i.response)
    rint                                     0x0800387d   Thumb Code     4  rint.o(i.rint)
    set_speed                                0x08003881   Thumb Code    80  stepperrpm.o(i.set_speed)
    start_conv                               0x080038d9   Thumb Code    90  ads1220.o(i.start_conv)
    stop                                     0x08003939   Thumb Code     8  stepperrpm.o(i.stop)
    __aeabi_d2f                              0x08003941   Thumb Code     0  d2f.o(x$fpl$d2f)
    _d2f                                     0x08003941   Thumb Code    98  d2f.o(x$fpl$d2f)
    __aeabi_dadd                             0x080039a5   Thumb Code     0  daddsub_clz.o(x$fpl$dadd)
    _dadd                                    0x080039a5   Thumb Code   332  daddsub_clz.o(x$fpl$dadd)
    __fpl_dcheck_NaN1                        0x08003af5   Thumb Code    10  dcheck1.o(x$fpl$dcheck1)
    __fpl_dcmp_Inf                           0x08003b05   Thumb Code    24  dcmpi.o(x$fpl$dcmpinf)
    __aeabi_ddiv                             0x08003b1d   Thumb Code     0  ddiv.o(x$fpl$ddiv)
    _ddiv                                    0x08003b1d   Thumb Code   552  ddiv.o(x$fpl$ddiv)
    __aeabi_cdcmpeq                          0x08003dcd   Thumb Code     0  deqf.o(x$fpl$deqf)
    _dcmpeq                                  0x08003dcd   Thumb Code   120  deqf.o(x$fpl$deqf)
    __aeabi_d2iz                             0x08003e45   Thumb Code     0  dfix.o(x$fpl$dfix)
    _dfix                                    0x08003e45   Thumb Code    94  dfix.o(x$fpl$dfix)
    __aeabi_i2d                              0x08003ea3   Thumb Code     0  dflt_clz.o(x$fpl$dflt)
    _dflt                                    0x08003ea3   Thumb Code    46  dflt_clz.o(x$fpl$dflt)
    __aeabi_cdcmple                          0x08003ed1   Thumb Code     0  dleqf.o(x$fpl$dleqf)
    _dcmple                                  0x08003ed1   Thumb Code   120  dleqf.o(x$fpl$dleqf)
    __fpl_dcmple_InfNaN                      0x08003f33   Thumb Code     0  dleqf.o(x$fpl$dleqf)
    __aeabi_dmul                             0x08003f49   Thumb Code     0  dmul.o(x$fpl$dmul)
    _dmul                                    0x08003f49   Thumb Code   332  dmul.o(x$fpl$dmul)
    __fpl_dnaninf                            0x0800409d   Thumb Code   156  dnaninf.o(x$fpl$dnaninf)
    __fpl_dretinf                            0x08004139   Thumb Code    12  dretinf.o(x$fpl$dretinf)
    __aeabi_cdrcmple                         0x08004145   Thumb Code     0  drleqf.o(x$fpl$drleqf)
    _drcmple                                 0x08004145   Thumb Code   108  drleqf.o(x$fpl$drleqf)
    _drnd                                    0x080041b1   Thumb Code   180  drnd.o(x$fpl$drnd)
    __aeabi_drsub                            0x08004265   Thumb Code     0  daddsub_clz.o(x$fpl$drsb)
    _drsb                                    0x08004265   Thumb Code    22  daddsub_clz.o(x$fpl$drsb)
    __aeabi_dsub                             0x0800427d   Thumb Code     0  daddsub_clz.o(x$fpl$dsub)
    _dsub                                    0x0800427d   Thumb Code   464  daddsub_clz.o(x$fpl$dsub)
    __aeabi_f2d                              0x08004451   Thumb Code     0  f2d.o(x$fpl$f2d)
    _f2d                                     0x08004451   Thumb Code    86  f2d.o(x$fpl$f2d)
    __aeabi_fadd                             0x080044a9   Thumb Code     0  faddsub_clz.o(x$fpl$fadd)
    _fadd                                    0x080044a9   Thumb Code   196  faddsub_clz.o(x$fpl$fadd)
    __fpl_fcheck_NaN1                        0x0800456d   Thumb Code     6  fcheck1.o(x$fpl$fcheck1)
    __aeabi_fdiv                             0x08004579   Thumb Code     0  fdiv.o(x$fpl$fdiv)
    _fdiv                                    0x08004579   Thumb Code   384  fdiv.o(x$fpl$fdiv)
    __aeabi_f2iz                             0x080046fd   Thumb Code     0  ffix.o(x$fpl$ffix)
    _ffix                                    0x080046fd   Thumb Code    54  ffix.o(x$fpl$ffix)
    __aeabi_i2f                              0x08004735   Thumb Code     0  fflt_clz.o(x$fpl$fflt)
    _fflt                                    0x08004735   Thumb Code    48  fflt_clz.o(x$fpl$fflt)
    __aeabi_ui2f                             0x08004765   Thumb Code     0  fflt_clz.o(x$fpl$ffltu)
    _ffltu                                   0x08004765   Thumb Code    38  fflt_clz.o(x$fpl$ffltu)
    __aeabi_fmul                             0x0800478d   Thumb Code     0  fmul.o(x$fpl$fmul)
    _fmul                                    0x0800478d   Thumb Code   258  fmul.o(x$fpl$fmul)
    __fpl_fnaninf                            0x0800488f   Thumb Code   140  fnaninf.o(x$fpl$fnaninf)
    __fpl_fretinf                            0x0800491b   Thumb Code    10  fretinf.o(x$fpl$fretinf)
    __aeabi_fsub                             0x08004925   Thumb Code     0  faddsub_clz.o(x$fpl$fsub)
    _fsub                                    0x08004925   Thumb Code   234  faddsub_clz.o(x$fpl$fsub)
    __fpl_return_NaN                         0x08004a0f   Thumb Code   100  retnan.o(x$fpl$retnan)
    __ARM_scalbn                             0x08004a73   Thumb Code    92  scalbn.o(x$fpl$scalbn)
    __ARM_scalbnf                            0x08004acf   Thumb Code    76  scalbnf.o(x$fpl$scalbnf)
    __fpl_cmpreturn                          0x08004b1b   Thumb Code    48  trapv.o(x$fpl$trapveneer)
    AHBPrescTable                            0x08004b4a   Data          16  system_stm32f1xx.o(.constdata)
    __I$use$fp                               0x08004b4a   Number         0  usenofp.o(x$fpl$usenofp)
    APBPrescTable                            0x08004b5a   Data           8  system_stm32f1xx.o(.constdata)
    __mathlib_zero                           0x08004ba0   Data           8  qnan.o(.constdata)
    Region$$Table$$Base                      0x08004ba8   Number         0  anon$$obj.o(Region$$Table)
    Region$$Table$$Limit                     0x08004bc8   Number         0  anon$$obj.o(Region$$Table)
    out_int                                  0x20000000   Data           2  main.o(.data)
    Set_Temperature                          0x20000004   Data           4  main.o(.data)
    Temperature                              0x20000008   Data           4  main.o(.data)
    count                                    0x2000000c   Data           4  main.o(.data)
    pKp                                      0x20000010   Data           8  main.o(.data)
    pKd                                      0x20000018   Data           8  main.o(.data)
    pKi                                      0x20000020   Data           8  main.o(.data)
    T                                        0x20000028   Data           8  main.o(.data)
    Error_value                              0x20000030   Data           8  main.o(.data)
    pre_Error_value                          0x20000038   Data           8  main.o(.data)
    pre_pre_Error_value                      0x20000040   Data           8  main.o(.data)
    out                                      0x20000048   Data           8  main.o(.data)
    pre_out                                  0x20000050   Data           8  main.o(.data)
    out_temp                                 0x20000058   Data           8  main.o(.data)
    P_part                                   0x20000060   Data           8  main.o(.data)
    I_part                                   0x20000068   Data           8  main.o(.data)
    D_part                                   0x20000070   Data           8  main.o(.data)
    uwTickFreq                               0x20000078   Data           1  stm32f1xx_hal.o(.data)
    uwTickPrio                               0x2000007c   Data           4  stm32f1xx_hal.o(.data)
    uwTick                                   0x20000080   Data           4  stm32f1xx_hal.o(.data)
    SystemCoreClock                          0x20000084   Data           4  system_stm32f1xx.o(.data)
    hspi1                                    0x20000088   Data          88  main.o(.bss)
    htim1                                    0x200000e0   Data          72  main.o(.bss)
    htim2                                    0x20000128   Data          72  main.o(.bss)
    htim3                                    0x20000170   Data          72  main.o(.bss)
    huart1                                   0x200001b8   Data          68  main.o(.bss)
    hdma_usart1_rx                           0x200001fc   Data          68  main.o(.bss)
    my_ADS1220                               0x20000240   Data          24  main.o(.bss)
    my_Motor                                 0x20000258   Data          56  main.o(.bss)
    hdma_usart1_tx                           0x20000290   Data          68  main.o(.bss)
    __libspace_start                         0x200002d4   Data          96  libspace.o(.bss)
    __temporary_stack_top$libspace           0x20000334   Data           0  libspace.o(.bss)



==============================================================================

Memory Map of the image

  Image Entry point : 0x080000ed

  Load Region LR_IROM1 (Base: 0x08000000, Size: 0x00004c50, Max: 0x00010000, ABSOLUTE)

    Execution Region ER_IROM1 (Exec base: 0x08000000, Load base: 0x08000000, Size: 0x00004bc8, Max: 0x00010000, ABSOLUTE)

    Exec Addr    Load Addr    Size         Type   Attr      Idx    E Section Name        Object

    0x08000000   0x08000000   0x000000ec   Data   RO            3    RESET               startup_stm32f103xb.o
    0x080000ec   0x080000ec   0x00000008   Code   RO         3279  * !!!main             c_w.l(__main.o)
    0x080000f4   0x080000f4   0x00000034   Code   RO         3551    !!!scatter          c_w.l(__scatter.o)
    0x08000128   0x08000128   0x0000001a   Code   RO         3553    !!handler_copy      c_w.l(__scatter_copy.o)
    0x08000142   0x08000142   0x00000002   PAD
    0x08000144   0x08000144   0x0000001c   Code   RO         3555    !!handler_zi        c_w.l(__scatter_zi.o)
    0x08000160   0x08000160   0x00000002   Code   RO         3422    .ARM.Collect$$libinit$$00000000  c_w.l(libinit.o)
    0x08000162   0x08000162   0x00000000   Code   RO         3428    .ARM.Collect$$libinit$$00000002  c_w.l(libinit2.o)
    0x08000162   0x08000162   0x00000000   Code   RO         3430    .ARM.Collect$$libinit$$00000004  c_w.l(libinit2.o)
    0x08000162   0x08000162   0x00000000   Code   RO         3433    .ARM.Collect$$libinit$$0000000A  c_w.l(libinit2.o)
    0x08000162   0x08000162   0x00000000   Code   RO         3435    .ARM.Collect$$libinit$$0000000C  c_w.l(libinit2.o)
    0x08000162   0x08000162   0x00000000   Code   RO         3437    .ARM.Collect$$libinit$$0000000E  c_w.l(libinit2.o)
    0x08000162   0x08000162   0x00000000   Code   RO         3440    .ARM.Collect$$libinit$$00000011  c_w.l(libinit2.o)
    0x08000162   0x08000162   0x00000000   Code   RO         3442    .ARM.Collect$$libinit$$00000013  c_w.l(libinit2.o)
    0x08000162   0x08000162   0x00000000   Code   RO         3444    .ARM.Collect$$libinit$$00000015  c_w.l(libinit2.o)
    0x08000162   0x08000162   0x00000000   Code   RO         3446    .ARM.Collect$$libinit$$00000017  c_w.l(libinit2.o)
    0x08000162   0x08000162   0x00000000   Code   RO         3448    .ARM.Collect$$libinit$$00000019  c_w.l(libinit2.o)
    0x08000162   0x08000162   0x00000000   Code   RO         3450    .ARM.Collect$$libinit$$0000001B  c_w.l(libinit2.o)
    0x08000162   0x08000162   0x00000000   Code   RO         3452    .ARM.Collect$$libinit$$0000001D  c_w.l(libinit2.o)
    0x08000162   0x08000162   0x00000000   Code   RO         3454    .ARM.Collect$$libinit$$0000001F  c_w.l(libinit2.o)
    0x08000162   0x08000162   0x00000000   Code   RO         3456    .ARM.Collect$$libinit$$00000021  c_w.l(libinit2.o)
    0x08000162   0x08000162   0x00000000   Code   RO         3458    .ARM.Collect$$libinit$$00000023  c_w.l(libinit2.o)
    0x08000162   0x08000162   0x00000000   Code   RO         3460    .ARM.Collect$$libinit$$00000025  c_w.l(libinit2.o)
    0x08000162   0x08000162   0x00000000   Code   RO         3464    .ARM.Collect$$libinit$$0000002C  c_w.l(libinit2.o)
    0x08000162   0x08000162   0x00000000   Code   RO         3466    .ARM.Collect$$libinit$$0000002E  c_w.l(libinit2.o)
    0x08000162   0x08000162   0x00000000   Code   RO         3468    .ARM.Collect$$libinit$$00000030  c_w.l(libinit2.o)
    0x08000162   0x08000162   0x00000000   Code   RO         3470    .ARM.Collect$$libinit$$00000032  c_w.l(libinit2.o)
    0x08000162   0x08000162   0x00000002   Code   RO         3471    .ARM.Collect$$libinit$$00000033  c_w.l(libinit2.o)
    0x08000164   0x08000164   0x00000002   Code   RO         3491    .ARM.Collect$$libshutdown$$00000000  c_w.l(libshutdown.o)
    0x08000166   0x08000166   0x00000000   Code   RO         3504    .ARM.Collect$$libshutdown$$00000002  c_w.l(libshutdown2.o)
    0x08000166   0x08000166   0x00000000   Code   RO         3506    .ARM.Collect$$libshutdown$$00000004  c_w.l(libshutdown2.o)
    0x08000166   0x08000166   0x00000000   Code   RO         3509    .ARM.Collect$$libshutdown$$00000007  c_w.l(libshutdown2.o)
    0x08000166   0x08000166   0x00000000   Code   RO         3512    .ARM.Collect$$libshutdown$$0000000A  c_w.l(libshutdown2.o)
    0x08000166   0x08000166   0x00000000   Code   RO         3514    .ARM.Collect$$libshutdown$$0000000C  c_w.l(libshutdown2.o)
    0x08000166   0x08000166   0x00000000   Code   RO         3517    .ARM.Collect$$libshutdown$$0000000F  c_w.l(libshutdown2.o)
    0x08000166   0x08000166   0x00000002   Code   RO         3518    .ARM.Collect$$libshutdown$$00000010  c_w.l(libshutdown2.o)
    0x08000168   0x08000168   0x00000000   Code   RO         3349    .ARM.Collect$$rtentry$$00000000  c_w.l(__rtentry.o)
    0x08000168   0x08000168   0x00000000   Code   RO         3389    .ARM.Collect$$rtentry$$00000002  c_w.l(__rtentry2.o)
    0x08000168   0x08000168   0x00000006   Code   RO         3401    .ARM.Collect$$rtentry$$00000004  c_w.l(__rtentry4.o)
    0x0800016e   0x0800016e   0x00000000   Code   RO         3391    .ARM.Collect$$rtentry$$00000009  c_w.l(__rtentry2.o)
    0x0800016e   0x0800016e   0x00000004   Code   RO         3392    .ARM.Collect$$rtentry$$0000000A  c_w.l(__rtentry2.o)
    0x08000172   0x08000172   0x00000000   Code   RO         3394    .ARM.Collect$$rtentry$$0000000C  c_w.l(__rtentry2.o)
    0x08000172   0x08000172   0x00000008   Code   RO         3395    .ARM.Collect$$rtentry$$0000000D  c_w.l(__rtentry2.o)
    0x0800017a   0x0800017a   0x00000002   Code   RO         3425    .ARM.Collect$$rtexit$$00000000  c_w.l(rtexit.o)
    0x0800017c   0x0800017c   0x00000000   Code   RO         3473    .ARM.Collect$$rtexit$$00000002  c_w.l(rtexit2.o)
    0x0800017c   0x0800017c   0x00000004   Code   RO         3474    .ARM.Collect$$rtexit$$00000003  c_w.l(rtexit2.o)
    0x08000180   0x08000180   0x00000006   Code   RO         3475    .ARM.Collect$$rtexit$$00000004  c_w.l(rtexit2.o)
    0x08000186   0x08000186   0x00000002   PAD
    0x08000188   0x08000188   0x00000040   Code   RO            4    .text               startup_stm32f103xb.o
    0x080001c8   0x080001c8   0x0000004e   Code   RO         3275    .text               c_w.l(rt_memclr_w.o)
    0x08000216   0x08000216   0x00000006   Code   RO         3277    .text               c_w.l(heapauxi.o)
    0x0800021c   0x0800021c   0x00000016   Code   RO         3350    .text               c_w.l(_rserrno.o)
    0x08000232   0x08000232   0x00000002   PAD
    0x08000234   0x08000234   0x00000008   Code   RO         3406    .text               c_w.l(rt_errno_addr_intlibspace.o)
    0x0800023c   0x0800023c   0x00000008   Code   RO         3410    .text               c_w.l(libspace.o)
    0x08000244   0x08000244   0x0000004a   Code   RO         3413    .text               c_w.l(sys_stackheap_outer.o)
    0x0800028e   0x0800028e   0x00000012   Code   RO         3415    .text               c_w.l(exit.o)
    0x080002a0   0x080002a0   0x0000000c   Code   RO         3483    .text               c_w.l(sys_exit.o)
    0x080002ac   0x080002ac   0x00000002   Code   RO         3494    .text               c_w.l(use_no_semi.o)
    0x080002ae   0x080002ae   0x00000000   Code   RO         3496    .text               c_w.l(indicate_semi.o)
    0x080002ae   0x080002ae   0x00000002   Code   RO          394    i.BusFault_Handler  stm32f1xx_it.o
    0x080002b0   0x080002b0   0x0000000c   Code   RO          395    i.DMA1_Channel4_IRQHandler  stm32f1xx_it.o
    0x080002bc   0x080002bc   0x0000000c   Code   RO          396    i.DMA1_Channel5_IRQHandler  stm32f1xx_it.o
    0x080002c8   0x080002c8   0x0000002a   Code   RO         1309    i.DMA_SetConfig     stm32f1xx_hal_dma.o
    0x080002f2   0x080002f2   0x00000002   PAD
    0x080002f4   0x080002f4   0x00000028   Code   RO          183    i.D_params_set      stepperrpm.o
    0x0800031c   0x0800031c   0x00000002   Code   RO          397    i.DebugMon_Handler  stm32f1xx_it.o
    0x0800031e   0x0800031e   0x00000004   Code   RO          285    i.Error_Handler     main.o
    0x08000322   0x08000322   0x00000046   Code   RO         1310    i.HAL_DMA_Abort     stm32f1xx_hal_dma.o
    0x08000368   0x08000368   0x00000098   Code   RO         1311    i.HAL_DMA_Abort_IT  stm32f1xx_hal_dma.o
    0x08000400   0x08000400   0x0000005c   Code   RO         1312    i.HAL_DMA_DeInit    stm32f1xx_hal_dma.o
    0x0800045c   0x0800045c   0x00000154   Code   RO         1315    i.HAL_DMA_IRQHandler  stm32f1xx_hal_dma.o
    0x080005b0   0x080005b0   0x0000005c   Code   RO         1316    i.HAL_DMA_Init      stm32f1xx_hal_dma.o
    0x0800060c   0x0800060c   0x00000070   Code   RO         1320    i.HAL_DMA_Start_IT  stm32f1xx_hal_dma.o
    0x0800067c   0x0800067c   0x00000024   Code   RO          938    i.HAL_Delay         stm32f1xx_hal.o
    0x080006a0   0x080006a0   0x000000fc   Code   RO         1243    i.HAL_GPIO_DeInit   stm32f1xx_hal_gpio.o
    0x0800079c   0x0800079c   0x000001e0   Code   RO         1246    i.HAL_GPIO_Init     stm32f1xx_hal_gpio.o
    0x0800097c   0x0800097c   0x0000000a   Code   RO         1248    i.HAL_GPIO_ReadPin  stm32f1xx_hal_gpio.o
    0x08000986   0x08000986   0x0000000a   Code   RO         1250    i.HAL_GPIO_WritePin  stm32f1xx_hal_gpio.o
    0x08000990   0x08000990   0x0000000c   Code   RO          942    i.HAL_GetTick       stm32f1xx_hal.o
    0x0800099c   0x0800099c   0x00000010   Code   RO          948    i.HAL_IncTick       stm32f1xx_hal.o
    0x080009ac   0x080009ac   0x00000024   Code   RO          949    i.HAL_Init          stm32f1xx_hal.o
    0x080009d0   0x080009d0   0x00000040   Code   RO          950    i.HAL_InitTick      stm32f1xx_hal.o
    0x08000a10   0x08000a10   0x0000003c   Code   RO          494    i.HAL_MspInit       stm32f1xx_hal_msp.o
    0x08000a4c   0x08000a4c   0x00000022   Code   RO         1405    i.HAL_NVIC_DisableIRQ  stm32f1xx_hal_cortex.o
    0x08000a6e   0x08000a6e   0x0000001a   Code   RO         1406    i.HAL_NVIC_EnableIRQ  stm32f1xx_hal_cortex.o
    0x08000a88   0x08000a88   0x00000040   Code   RO         1412    i.HAL_NVIC_SetPriority  stm32f1xx_hal_cortex.o
    0x08000ac8   0x08000ac8   0x00000024   Code   RO         1413    i.HAL_NVIC_SetPriorityGrouping  stm32f1xx_hal_cortex.o
    0x08000aec   0x08000aec   0x0000012c   Code   RO         1106    i.HAL_RCC_ClockConfig  stm32f1xx_hal_rcc.o
    0x08000c18   0x08000c18   0x00000020   Code   RO         1113    i.HAL_RCC_GetPCLK1Freq  stm32f1xx_hal_rcc.o
    0x08000c38   0x08000c38   0x00000020   Code   RO         1114    i.HAL_RCC_GetPCLK2Freq  stm32f1xx_hal_rcc.o
    0x08000c58   0x08000c58   0x0000006c   Code   RO         1115    i.HAL_RCC_GetSysClockFreq  stm32f1xx_hal_rcc.o
    0x08000cc4   0x08000cc4   0x00000320   Code   RO         1118    i.HAL_RCC_OscConfig  stm32f1xx_hal_rcc.o
    0x08000fe4   0x08000fe4   0x000000b2   Code   RO          620    i.HAL_SPI_Init      stm32f1xx_hal_spi.o
    0x08001096   0x08001096   0x00000002   PAD
    0x08001098   0x08001098   0x00000070   Code   RO          496    i.HAL_SPI_MspInit   stm32f1xx_hal_msp.o
    0x08001108   0x08001108   0x00000166   Code   RO          628    i.HAL_SPI_Transmit  stm32f1xx_hal_spi.o
    0x0800126e   0x0800126e   0x000001e2   Code   RO          629    i.HAL_SPI_TransmitReceive  stm32f1xx_hal_spi.o
    0x08001450   0x08001450   0x00000028   Code   RO         1417    i.HAL_SYSTICK_Config  stm32f1xx_hal_cortex.o
    0x08001478   0x08001478   0x00000002   Code   RO         2612    i.HAL_TIMEx_BreakCallback  stm32f1xx_hal_tim_ex.o
    0x0800147a   0x0800147a   0x00000002   Code   RO         2613    i.HAL_TIMEx_CommutCallback  stm32f1xx_hal_tim_ex.o
    0x0800147c   0x0800147c   0x00000068   Code   RO         2631    i.HAL_TIMEx_MasterConfigSynchronization  stm32f1xx_hal_tim_ex.o
    0x080014e4   0x080014e4   0x0000005a   Code   RO         1908    i.HAL_TIM_Base_Init  stm32f1xx_hal_tim.o
    0x0800153e   0x0800153e   0x00000002   PAD
    0x08001540   0x08001540   0x0000003c   Code   RO          498    i.HAL_TIM_Base_MspInit  stm32f1xx_hal_msp.o
    0x0800157c   0x0800157c   0x00000058   Code   RO         1913    i.HAL_TIM_Base_Start_IT  stm32f1xx_hal_tim.o
    0x080015d4   0x080015d4   0x000000d6   Code   RO         1917    i.HAL_TIM_ConfigClockSource  stm32f1xx_hal_tim.o
    0x080016aa   0x080016aa   0x00000002   Code   RO         1942    i.HAL_TIM_IC_CaptureCallback  stm32f1xx_hal_tim.o
    0x080016ac   0x080016ac   0x00000166   Code   RO         1956    i.HAL_TIM_IRQHandler  stm32f1xx_hal_tim.o
    0x08001812   0x08001812   0x00000002   PAD
    0x08001814   0x08001814   0x000000c0   Code   RO          499    i.HAL_TIM_MspPostInit  stm32f1xx_hal_msp.o
    0x080018d4   0x080018d4   0x00000002   Code   RO         1959    i.HAL_TIM_OC_DelayElapsedCallback  stm32f1xx_hal_tim.o
    0x080018d6   0x080018d6   0x000000c6   Code   RO         1980    i.HAL_TIM_PWM_ConfigChannel  stm32f1xx_hal_tim.o
    0x0800199c   0x0800199c   0x0000005a   Code   RO         1983    i.HAL_TIM_PWM_Init  stm32f1xx_hal_tim.o
    0x080019f6   0x080019f6   0x00000002   PAD
    0x080019f8   0x080019f8   0x0000003c   Code   RO          501    i.HAL_TIM_PWM_MspInit  stm32f1xx_hal_msp.o
    0x08001a34   0x08001a34   0x00000002   Code   RO         1986    i.HAL_TIM_PWM_PulseFinishedCallback  stm32f1xx_hal_tim.o
    0x08001a36   0x08001a36   0x00000002   PAD
    0x08001a38   0x08001a38   0x0000009c   Code   RO         1988    i.HAL_TIM_PWM_Start  stm32f1xx_hal_tim.o
    0x08001ad4   0x08001ad4   0x00000228   Code   RO          286    i.HAL_TIM_PeriodElapsedCallback  main.o
    0x08001cfc   0x08001cfc   0x00000002   Code   RO         1999    i.HAL_TIM_TriggerCallback  stm32f1xx_hal_tim.o
    0x08001cfe   0x08001cfe   0x0000004a   Code   RO         2888    i.HAL_UARTEx_ReceiveToIdle_DMA  stm32f1xx_hal_uart.o
    0x08001d48   0x08001d48   0x00000034   Code   RO          287    i.HAL_UARTEx_RxEventCallback  main.o
    0x08001d7c   0x08001d7c   0x00000034   Code   RO         2903    i.HAL_UART_DeInit   stm32f1xx_hal_uart.o
    0x08001db0   0x08001db0   0x00000034   Code   RO          288    i.HAL_UART_ErrorCallback  main.o
    0x08001de4   0x08001de4   0x0000020c   Code   RO         2907    i.HAL_UART_IRQHandler  stm32f1xx_hal_uart.o
    0x08001ff0   0x08001ff0   0x00000062   Code   RO         2908    i.HAL_UART_Init     stm32f1xx_hal_uart.o
    0x08002052   0x08002052   0x00000002   PAD
    0x08002054   0x08002054   0x00000044   Code   RO          502    i.HAL_UART_MspDeInit  stm32f1xx_hal_msp.o
    0x08002098   0x08002098   0x000000dc   Code   RO          503    i.HAL_UART_MspInit  stm32f1xx_hal_msp.o
    0x08002174   0x08002174   0x00000002   Code   RO         2914    i.HAL_UART_RxCpltCallback  stm32f1xx_hal_uart.o
    0x08002176   0x08002176   0x00000002   Code   RO         2915    i.HAL_UART_RxHalfCpltCallback  stm32f1xx_hal_uart.o
    0x08002178   0x08002178   0x00000080   Code   RO         2917    i.HAL_UART_Transmit_DMA  stm32f1xx_hal_uart.o
    0x080021f8   0x080021f8   0x00000002   Code   RO         2919    i.HAL_UART_TxCpltCallback  stm32f1xx_hal_uart.o
    0x080021fa   0x080021fa   0x00000002   Code   RO         2920    i.HAL_UART_TxHalfCpltCallback  stm32f1xx_hal_uart.o
    0x080021fc   0x080021fc   0x00000002   Code   RO          398    i.HardFault_Handler  stm32f1xx_it.o
    0x080021fe   0x080021fe   0x00000002   PAD
    0x08002200   0x08002200   0x00000028   Code   RO          184    i.I_params_set      stepperrpm.o
    0x08002228   0x08002228   0x00000098   Code   RO          289    i.MX_GPIO_Init      main.o
    0x080022c0   0x080022c0   0x00000040   Code   RO          290    i.MX_SPI1_Init      main.o
    0x08002300   0x08002300   0x00000068   Code   RO          291    i.MX_TIM1_Init      main.o
    0x08002368   0x08002368   0x00000080   Code   RO          292    i.MX_TIM2_Init      main.o
    0x080023e8   0x080023e8   0x00000070   Code   RO          293    i.MX_TIM3_Init      main.o
    0x08002458   0x08002458   0x00000002   Code   RO          399    i.MemManage_Handler  stm32f1xx_it.o
    0x0800245a   0x0800245a   0x00000002   Code   RO          400    i.NMI_Handler       stm32f1xx_it.o
    0x0800245c   0x0800245c   0x00000130   Code   RO          294    i.PID_Temperature   main.o
    0x0800258c   0x0800258c   0x00000028   Code   RO          185    i.P_params_set      stepperrpm.o
    0x080025b4   0x080025b4   0x00000002   Code   RO          401    i.PendSV_Handler    stm32f1xx_it.o
    0x080025b6   0x080025b6   0x00000002   PAD
    0x080025b8   0x080025b8   0x00000064   Code   RO           13    i.ReadReg           ads1220.o
    0x0800261c   0x0800261c   0x00000078   Code   RO           14    i.Read_WaitForData  ads1220.o
    0x08002694   0x08002694   0x00000060   Code   RO           15    i.Reset             ads1220.o
    0x080026f4   0x080026f4   0x00000020   Code   RO          658    i.SPI_EndRxTxTransaction  stm32f1xx_hal_spi.o
    0x08002714   0x08002714   0x000000b8   Code   RO          663    i.SPI_WaitFlagStateUntilTimeout  stm32f1xx_hal_spi.o
    0x080027cc   0x080027cc   0x00000002   Code   RO          402    i.SVC_Handler       stm32f1xx_it.o
    0x080027ce   0x080027ce   0x00000002   PAD
    0x080027d0   0x080027d0   0x00000028   Code   RO          186    i.Sepoint_set       stepperrpm.o
    0x080027f8   0x080027f8   0x00000004   Code   RO          403    i.SysTick_Handler   stm32f1xx_it.o
    0x080027fc   0x080027fc   0x00000056   Code   RO          295    i.SystemClock_Config  main.o
    0x08002852   0x08002852   0x00000002   Code   RO         3237    i.SystemInit        system_stm32f1xx.o
    0x08002854   0x08002854   0x0000000c   Code   RO          404    i.TIM1_UP_IRQHandler  stm32f1xx_it.o
    0x08002860   0x08002860   0x0000006c   Code   RO         2001    i.TIM_Base_SetConfig  stm32f1xx_hal_tim.o
    0x080028cc   0x080028cc   0x0000001a   Code   RO         2002    i.TIM_CCxChannelCmd  stm32f1xx_hal_tim.o
    0x080028e6   0x080028e6   0x00000014   Code   RO         2012    i.TIM_ETR_SetConfig  stm32f1xx_hal_tim.o
    0x080028fa   0x080028fa   0x00000010   Code   RO         2013    i.TIM_ITRx_SetConfig  stm32f1xx_hal_tim.o
    0x0800290a   0x0800290a   0x00000002   PAD
    0x0800290c   0x0800290c   0x00000050   Code   RO         2014    i.TIM_OC1_SetConfig  stm32f1xx_hal_tim.o
    0x0800295c   0x0800295c   0x00000058   Code   RO         2015    i.TIM_OC2_SetConfig  stm32f1xx_hal_tim.o
    0x080029b4   0x080029b4   0x00000058   Code   RO         2016    i.TIM_OC3_SetConfig  stm32f1xx_hal_tim.o
    0x08002a0c   0x08002a0c   0x00000044   Code   RO         2017    i.TIM_OC4_SetConfig  stm32f1xx_hal_tim.o
    0x08002a50   0x08002a50   0x00000022   Code   RO         2019    i.TIM_TI1_ConfigInputStage  stm32f1xx_hal_tim.o
    0x08002a72   0x08002a72   0x00000024   Code   RO         2021    i.TIM_TI2_ConfigInputStage  stm32f1xx_hal_tim.o
    0x08002a96   0x08002a96   0x00000010   Code   RO         2921    i.UART_DMAAbortOnError  stm32f1xx_hal_uart.o
    0x08002aa6   0x08002aa6   0x0000004a   Code   RO         2922    i.UART_DMAError     stm32f1xx_hal_uart.o
    0x08002af0   0x08002af0   0x0000005a   Code   RO         2923    i.UART_DMAReceiveCplt  stm32f1xx_hal_uart.o
    0x08002b4a   0x08002b4a   0x0000001a   Code   RO         2925    i.UART_DMARxHalfCplt  stm32f1xx_hal_uart.o
    0x08002b64   0x08002b64   0x0000002e   Code   RO         2927    i.UART_DMATransmitCplt  stm32f1xx_hal_uart.o
    0x08002b92   0x08002b92   0x0000000a   Code   RO         2929    i.UART_DMATxHalfCplt  stm32f1xx_hal_uart.o
    0x08002b9c   0x08002b9c   0x00000030   Code   RO         2931    i.UART_EndRxTransfer  stm32f1xx_hal_uart.o
    0x08002bcc   0x08002bcc   0x00000012   Code   RO         2932    i.UART_EndTxTransfer  stm32f1xx_hal_uart.o
    0x08002bde   0x08002bde   0x000000b6   Code   RO         2933    i.UART_Receive_IT   stm32f1xx_hal_uart.o
    0x08002c94   0x08002c94   0x000000b8   Code   RO         2934    i.UART_SetConfig    stm32f1xx_hal_uart.o
    0x08002d4c   0x08002d4c   0x00000070   Code   RO         2935    i.UART_Start_Receive_DMA  stm32f1xx_hal_uart.o
    0x08002dbc   0x08002dbc   0x0000000c   Code   RO          405    i.USART1_IRQHandler  stm32f1xx_it.o
    0x08002dc8   0x08002dc8   0x00000002   Code   RO          406    i.UsageFault_Handler  stm32f1xx_it.o
    0x08002dca   0x08002dca   0x00000002   PAD
    0x08002dcc   0x08002dcc   0x00000054   Code   RO           16    i.WriteReg          ads1220.o
    0x08002e20   0x08002e20   0x00000020   Code   RO         1419    i.__NVIC_SetPriority  stm32f1xx_hal_cortex.o
    0x08002e40   0x08002e40   0x000000aa   Code   RO         3385    i.__kernel_poly     m_ws.l(poly.o)
    0x08002eea   0x08002eea   0x00000002   PAD
    0x08002eec   0x08002eec   0x00000010   Code   RO         3371    i.__mathlib_dbl_divzero  m_ws.l(dunder.o)
    0x08002efc   0x08002efc   0x00000006   Code   RO         3372    i.__mathlib_dbl_infnan  m_ws.l(dunder.o)
    0x08002f02   0x08002f02   0x0000000c   Code   RO         3374    i.__mathlib_dbl_invalid  m_ws.l(dunder.o)
    0x08002f0e   0x08002f0e   0x00000002   PAD
    0x08002f10   0x08002f10   0x00000088   Code   RO           17    i.begin             ads1220.o
    0x08002f98   0x08002f98   0x00000128   Code   RO           19    i.convert           ads1220.o
    0x080030c0   0x080030c0   0x00000054   Code   RO          187    i.create            stepperrpm.o
    0x08003114   0x08003114   0x00000040   Code   RO          188    i.dutycycle_set     stepperrpm.o
    0x08003154   0x08003154   0x00000034   Code   RO          189    i.freq_set          stepperrpm.o
    0x08003188   0x08003188   0x00000050   Code   RO          190    i.get_speed         stepperrpm.o
    0x080031d8   0x080031d8   0x00000004   Code   RO          191    i.idle              stepperrpm.o
    0x080031dc   0x080031dc   0x0000035c   Code   RO         3338    i.log               m_ws.l(log.o)
    0x08003538   0x08003538   0x00000170   Code   RO          296    i.main              main.o
    0x080036a8   0x080036a8   0x000000b8   Code   RO          192    i.protocol_decode   stepperrpm.o
    0x08003760   0x08003760   0x00000054   Code   RO           20    i.readVoltage       ads1220.o
    0x080037b4   0x080037b4   0x000000c8   Code   RO          193    i.response          stepperrpm.o
    0x0800387c   0x0800387c   0x00000004   Code   RO         3347    i.rint              m_ws.l(rint.o)
    0x08003880   0x08003880   0x00000058   Code   RO          194    i.set_speed         stepperrpm.o
    0x080038d8   0x080038d8   0x00000060   Code   RO           21    i.start_conv        ads1220.o
    0x08003938   0x08003938   0x00000008   Code   RO          195    i.stop              stepperrpm.o
    0x08003940   0x08003940   0x00000062   Code   RO         3281    x$fpl$d2f           fz_ws.l(d2f.o)
    0x080039a2   0x080039a2   0x00000002   PAD
    0x080039a4   0x080039a4   0x00000150   Code   RO         3283    x$fpl$dadd          fz_ws.l(daddsub_clz.o)
    0x08003af4   0x08003af4   0x00000010   Code   RO         3352    x$fpl$dcheck1       fz_ws.l(dcheck1.o)
    0x08003b04   0x08003b04   0x00000018   Code   RO         3354    x$fpl$dcmpinf       fz_ws.l(dcmpi.o)
    0x08003b1c   0x08003b1c   0x000002b0   Code   RO         3290    x$fpl$ddiv          fz_ws.l(ddiv.o)
    0x08003dcc   0x08003dcc   0x00000078   Code   RO         3356    x$fpl$deqf          fz_ws.l(deqf.o)
    0x08003e44   0x08003e44   0x0000005e   Code   RO         3293    x$fpl$dfix          fz_ws.l(dfix.o)
    0x08003ea2   0x08003ea2   0x0000002e   Code   RO         3298    x$fpl$dflt          fz_ws.l(dflt_clz.o)
    0x08003ed0   0x08003ed0   0x00000078   Code   RO         3303    x$fpl$dleqf         fz_ws.l(dleqf.o)
    0x08003f48   0x08003f48   0x00000154   Code   RO         3305    x$fpl$dmul          fz_ws.l(dmul.o)
    0x0800409c   0x0800409c   0x0000009c   Code   RO         3358    x$fpl$dnaninf       fz_ws.l(dnaninf.o)
    0x08004138   0x08004138   0x0000000c   Code   RO         3360    x$fpl$dretinf       fz_ws.l(dretinf.o)
    0x08004144   0x08004144   0x0000006c   Code   RO         3307    x$fpl$drleqf        fz_ws.l(drleqf.o)
    0x080041b0   0x080041b0   0x000000b4   Code   RO         3362    x$fpl$drnd          fz_ws.l(drnd.o)
    0x08004264   0x08004264   0x00000016   Code   RO         3284    x$fpl$drsb          fz_ws.l(daddsub_clz.o)
    0x0800427a   0x0800427a   0x00000002   PAD
    0x0800427c   0x0800427c   0x000001d4   Code   RO         3285    x$fpl$dsub          fz_ws.l(daddsub_clz.o)
    0x08004450   0x08004450   0x00000056   Code   RO         3309    x$fpl$f2d           fz_ws.l(f2d.o)
    0x080044a6   0x080044a6   0x00000002   PAD
    0x080044a8   0x080044a8   0x000000c4   Code   RO         3311    x$fpl$fadd          fz_ws.l(faddsub_clz.o)
    0x0800456c   0x0800456c   0x0000000c   Code   RO         3364    x$fpl$fcheck1       fz_ws.l(fcheck1.o)
    0x08004578   0x08004578   0x00000184   Code   RO         3318    x$fpl$fdiv          fz_ws.l(fdiv.o)
    0x080046fc   0x080046fc   0x00000036   Code   RO         3321    x$fpl$ffix          fz_ws.l(ffix.o)
    0x08004732   0x08004732   0x00000002   PAD
    0x08004734   0x08004734   0x00000030   Code   RO         3326    x$fpl$fflt          fz_ws.l(fflt_clz.o)
    0x08004764   0x08004764   0x00000026   Code   RO         3325    x$fpl$ffltu         fz_ws.l(fflt_clz.o)
    0x0800478a   0x0800478a   0x00000002   PAD
    0x0800478c   0x0800478c   0x00000102   Code   RO         3331    x$fpl$fmul          fz_ws.l(fmul.o)
    0x0800488e   0x0800488e   0x0000008c   Code   RO         3366    x$fpl$fnaninf       fz_ws.l(fnaninf.o)
    0x0800491a   0x0800491a   0x0000000a   Code   RO         3368    x$fpl$fretinf       fz_ws.l(fretinf.o)
    0x08004924   0x08004924   0x000000ea   Code   RO         3313    x$fpl$fsub          fz_ws.l(faddsub_clz.o)
    0x08004a0e   0x08004a0e   0x00000064   Code   RO         3408    x$fpl$retnan        fz_ws.l(retnan.o)
    0x08004a72   0x08004a72   0x0000005c   Code   RO         3333    x$fpl$scalbn        fz_ws.l(scalbn.o)
    0x08004ace   0x08004ace   0x0000004c   Code   RO         3335    x$fpl$scalbnf       fz_ws.l(scalbnf.o)
    0x08004b1a   0x08004b1a   0x00000030   Code   RO         3423    x$fpl$trapveneer    fz_ws.l(trapv.o)
    0x08004b4a   0x08004b4a   0x00000000   Code   RO         3370    x$fpl$usenofp       fz_ws.l(usenofp.o)
    0x08004b4a   0x08004b4a   0x00000010   Data   RO         3238    .constdata          system_stm32f1xx.o
    0x08004b5a   0x08004b5a   0x00000008   Data   RO         3239    .constdata          system_stm32f1xx.o
    0x08004b62   0x08004b62   0x00000006   PAD
    0x08004b68   0x08004b68   0x00000038   Data   RO         3339    .constdata          m_ws.l(log.o)
    0x08004ba0   0x08004ba0   0x00000008   Data   RO         3387    .constdata          m_ws.l(qnan.o)
    0x08004ba8   0x08004ba8   0x00000020   Data   RO         3549    Region$$Table       anon$$obj.o


    Execution Region RW_IRAM1 (Exec base: 0x20000000, Load base: 0x08004bc8, Size: 0x00000938, Max: 0x00005000, ABSOLUTE)

    Exec Addr    Load Addr    Size         Type   Attr      Idx    E Section Name        Object

    0x20000000   0x08004bc8   0x00000078   Data   RW          299    .data               main.o
    0x20000078   0x08004c40   0x0000000c   Data   RW          956    .data               stm32f1xx_hal.o
    0x20000084   0x08004c4c   0x00000004   Data   RW         3240    .data               system_stm32f1xx.o
    0x20000088        -       0x00000208   Zero   RW          297    .bss                main.o
    0x20000290        -       0x00000044   Zero   RW          298    .bss                main.o
    0x200002d4        -       0x00000060   Zero   RW         3411    .bss                c_w.l(libspace.o)
    0x20000334   0x08004c50   0x00000004   PAD
    0x20000338        -       0x00000200   Zero   RW            2    HEAP                startup_stm32f103xb.o
    0x20000538        -       0x00000400   Zero   RW            1    STACK               startup_stm32f103xb.o


==============================================================================

Image component sizes


      Code (inc. data)   RO Data    RW Data    ZI Data      Debug   Object Name

      1012        110          0          0          0     437833   ads1220.o
      1978        116          0        120        588       9986   main.o
        64         26        236          0       1536        800   startup_stm32f103xb.o
       924         94          0          0          0       9066   stepperrpm.o
       164         28          0         12          0       5805   stm32f1xx_hal.o
       232         14          0          0          0      29517   stm32f1xx_hal_cortex.o
       900         44          0          0          0       5559   stm32f1xx_hal_dma.o
       752         58          0          0          0       4421   stm32f1xx_hal_gpio.o
       772        100          0          0          0       5039   stm32f1xx_hal_msp.o
      1272        100          0          0          0       5116   stm32f1xx_hal_rcc.o
      1234          4          0          0          0       6116   stm32f1xx_hal_spi.o
      1766         58          0          0          0      15088   stm32f1xx_hal_tim.o
       108         12          0          0          0       2321   stm32f1xx_hal_tim_ex.o
      1690         38          0          0          0      13940   stm32f1xx_hal_uart.o
        68         24          0          0          0       5477   stm32f1xx_it.o
         2          0         24          4          0       1083   system_stm32f1xx.o

    ----------------------------------------------------------------------
     12962        826        298        136       2124     557167   Object Totals
         0          0         32          0          0          0   (incl. Generated)
        24          0          6          0          0          0   (incl. Padding)

    ----------------------------------------------------------------------

      Code (inc. data)   RO Data    RW Data    ZI Data      Debug   Library Member Name

         8          0          0          0          0         68   __main.o
         0          0          0          0          0          0   __rtentry.o
        12          0          0          0          0          0   __rtentry2.o
         6          0          0          0          0          0   __rtentry4.o
        52          8          0          0          0          0   __scatter.o
        26          0          0          0          0          0   __scatter_copy.o
        28          0          0          0          0          0   __scatter_zi.o
        22          0          0          0          0        100   _rserrno.o
        18          0          0          0          0         80   exit.o
         6          0          0          0          0        152   heapauxi.o
         0          0          0          0          0          0   indicate_semi.o
         2          0          0          0          0          0   libinit.o
         2          0          0          0          0          0   libinit2.o
         2          0          0          0          0          0   libshutdown.o
         2          0          0          0          0          0   libshutdown2.o
         8          4          0          0         96         68   libspace.o
         8          4          0          0          0         68   rt_errno_addr_intlibspace.o
        78          0          0          0          0         80   rt_memclr_w.o
         2          0          0          0          0          0   rtexit.o
        10          0          0          0          0          0   rtexit2.o
        12          4          0          0          0         68   sys_exit.o
        74          0          0          0          0         80   sys_stackheap_outer.o
         2          0          0          0          0         68   use_no_semi.o
        98          4          0          0          0         92   d2f.o
       826         16          0          0          0        348   daddsub_clz.o
        16          4          0          0          0         68   dcheck1.o
        24          0          0          0          0         68   dcmpi.o
       688        140          0          0          0        208   ddiv.o
       120          4          0          0          0         92   deqf.o
        94          4          0          0          0         92   dfix.o
        46          0          0          0          0         68   dflt_clz.o
       120          4          0          0          0         92   dleqf.o
       340         12          0          0          0        104   dmul.o
       156          4          0          0          0         92   dnaninf.o
        12          0          0          0          0         68   dretinf.o
       108          0          0          0          0         80   drleqf.o
       180          4          0          0          0         80   drnd.o
        86          4          0          0          0         84   f2d.o
       430          8          0          0          0        168   faddsub_clz.o
        12          4          0          0          0         68   fcheck1.o
       388         76          0          0          0         96   fdiv.o
        54          4          0          0          0         84   ffix.o
        86          0          0          0          0        136   fflt_clz.o
       258          4          0          0          0         84   fmul.o
       140          4          0          0          0         84   fnaninf.o
        10          0          0          0          0         68   fretinf.o
       100          0          0          0          0         68   retnan.o
        92          0          0          0          0         68   scalbn.o
        76          0          0          0          0         68   scalbnf.o
        48          0          0          0          0         68   trapv.o
         0          0          0          0          0          0   usenofp.o
        34          4          0          0          0        204   dunder.o
       860         52         56          0          0        256   log.o
       170          0          0          0          0         96   poly.o
         0          0          8          0          0          0   qnan.o
         4          0          0          0          0         68   rint.o

    ----------------------------------------------------------------------
      6076        376         64          0        100       4152   Library Totals
        20          0          0          0          4          0   (incl. Padding)

    ----------------------------------------------------------------------

      Code (inc. data)   RO Data    RW Data    ZI Data      Debug   Library Name

       380         20          0          0         96        832   c_w.l
      4608        300          0          0          0       2696   fz_ws.l
      1068         56         64          0          0        624   m_ws.l

    ----------------------------------------------------------------------
      6076        376         64          0        100       4152   Library Totals

    ----------------------------------------------------------------------

==============================================================================


      Code (inc. data)   RO Data    RW Data    ZI Data      Debug   

     19038       1202        362        136       2224     552579   Grand Totals
     19038       1202        362        136       2224     552579   ELF Image Totals
     19038       1202        362        136          0          0   ROM Totals

==============================================================================

    Total RO  Size (Code + RO Data)                19400 (  18.95kB)
    Total RW  Size (RW Data + ZI Data)              2360 (   2.30kB)
    Total ROM Size (Code + RO Data + RW Data)      19536 (  19.08kB)

==============================================================================

